Component: ARM Compiler 5.06 update 7 (build 960) Tool: armlink [4d3601]

==============================================================================

Section Cross References

    main.o(i.main) refers to rt_cmsis.o(i.osKernelInitialize) for osKernelInitialize
    main.o(i.main) refers to perifericos.o(i.perif_init) for perif_init
    main.o(i.main) refers to lcd.o(i.lcd_init) for lcd_init
    main.o(i.main) refers to lcd.o(i.lcd_reset) for lcd_reset
    main.o(i.main) refers to lcd.o(i.lcd_clear) for lcd_clear
    main.o(i.main) refers to thread.o(i.Init_Thread) for Init_Thread
    main.o(i.main) refers to rt_cmsis.o(i.osKernelStart) for osKernelStart
    thread.o(i.EINT3_IRQHandler) refers to rt_cmsis.o(i.osSignalSet) for osSignalSet
    thread.o(i.EINT3_IRQHandler) refers to thread.o(.data) for tid_joy
    thread.o(i.Init_Thread) refers to rt_cmsis.o(i.osThreadCreate) for osThreadCreate
    thread.o(i.Init_Thread) refers to thread.o(.constdata) for os_thread_def_control
    thread.o(i.Init_Thread) refers to thread.o(.data) for tid_control
    thread.o(i.control) refers to _printf_percent.o(.ARM.Collect$$_printf_percent$$00000000) for _printf_percent
    thread.o(i.control) refers to _printf_d.o(.ARM.Collect$$_printf_percent$$00000009) for _printf_d
    thread.o(i.control) refers to _printf_dec.o(.text) for _printf_int_dec
    thread.o(i.control) refers to lcd.o(i.init_pelota) for init_pelota
    thread.o(i.control) refers to rt_cmsis.o(i.osSignalWait) for osSignalWait
    thread.o(i.control) refers to lcd.o(i.mover_pelota_izq) for mover_pelota_izq
    thread.o(i.control) refers to lcd.o(i.mover_pelota_der) for mover_pelota_der
    thread.o(i.control) refers to noretval__2sprintf.o(.text) for __2sprintf
    thread.o(i.control) refers to lcd.o(i.EscribeFrase_L2) for EscribeFrase_L2
    thread.o(i.control) refers to rt_cmsis.o(i.osDelay) for osDelay
    thread.o(i.control) refers to rt_cmsis.o(i.osThreadYield) for osThreadYield
    thread.o(i.control) refers to thread.o(.data) for posicion
    thread.o(i.control) refers to thread.o(.bss) for str
    thread.o(i.joy) refers to rt_cmsis.o(i.osSignalWait) for osSignalWait
    thread.o(i.joy) refers to rt_cmsis.o(i.osDelay) for osDelay
    thread.o(i.joy) refers to gpio_lpc17xx.o(i.GPIO_PinRead) for GPIO_PinRead
    thread.o(i.joy) refers to rt_cmsis.o(i.osSignalSet) for osSignalSet
    thread.o(i.joy) refers to rt_cmsis.o(i.osThreadYield) for osThreadYield
    thread.o(i.joy) refers to thread.o(.data) for tid_control
    thread.o(.constdata) refers to thread.o(i.control) for control
    thread.o(.constdata) refers to thread.o(i.joy) for joy
    lcd.o(i.EscribeFrase_L1) refers to lcd.o(i.lcd_clear_L1) for lcd_clear_L1
    lcd.o(i.EscribeFrase_L1) refers to lcd.o(i.EscribeLetra_L1) for EscribeLetra_L1
    lcd.o(i.EscribeFrase_L1) refers to strlen.o(.text) for strlen
    lcd.o(i.EscribeFrase_L1) refers to lcd.o(i.copy_to_lcd) for copy_to_lcd
    lcd.o(i.EscribeFrase_L2) refers to lcd.o(i.lcd_clear_L2) for lcd_clear_L2
    lcd.o(i.EscribeFrase_L2) refers to lcd.o(i.EscribeLetra_L2) for EscribeLetra_L2
    lcd.o(i.EscribeFrase_L2) refers to strlen.o(.text) for strlen
    lcd.o(i.EscribeFrase_L2) refers to lcd.o(i.copy_to_lcd) for copy_to_lcd
    lcd.o(i.EscribeLetra_L1) refers to lcd.o(.data) for posicionL1
    lcd.o(i.EscribeLetra_L1) refers to lcd.o(.constdata) for Arial12x12
    lcd.o(i.EscribeLetra_L1) refers to lcd.o(.bss) for buffer
    lcd.o(i.EscribeLetra_L2) refers to lcd.o(.data) for posicionL2
    lcd.o(i.EscribeLetra_L2) refers to lcd.o(.constdata) for Arial12x12
    lcd.o(i.EscribeLetra_L2) refers to lcd.o(.bss) for buffer
    lcd.o(i.copy_to_lcd) refers to lcd.o(i.wr_cmd) for wr_cmd
    lcd.o(i.copy_to_lcd) refers to lcd.o(i.wr_data) for wr_data
    lcd.o(i.copy_to_lcd) refers to lcd.o(.bss) for buffer
    lcd.o(i.init_pelota) refers to lcd.o(i.lcd_clear_L1) for lcd_clear_L1
    lcd.o(i.init_pelota) refers to lcd.o(i.copy_to_lcd) for copy_to_lcd
    lcd.o(i.init_pelota) refers to lcd.o(.bss) for buffer
    lcd.o(i.lcd_clear) refers to lcd.o(i.lcd_clear_L1) for lcd_clear_L1
    lcd.o(i.lcd_clear) refers to lcd.o(i.lcd_clear_L2) for lcd_clear_L2
    lcd.o(i.lcd_clear_L1) refers to lcd.o(i.copy_to_lcd) for copy_to_lcd
    lcd.o(i.lcd_clear_L1) refers to lcd.o(.bss) for buffer
    lcd.o(i.lcd_clear_L2) refers to lcd.o(i.copy_to_lcd) for copy_to_lcd
    lcd.o(i.lcd_clear_L2) refers to lcd.o(.bss) for buffer
    lcd.o(i.lcd_init) refers to gpio_lpc17xx.o(i.GPIO_SetDir) for GPIO_SetDir
    lcd.o(i.lcd_init) refers to gpio_lpc17xx.o(i.GPIO_PinWrite) for GPIO_PinWrite
    lcd.o(i.lcd_init) refers to lcd.o(i.retardo) for retardo
    lcd.o(i.lcd_init) refers to lcd.o(.data) for SPIdrv
    lcd.o(i.lcd_reset) refers to lcd.o(i.wr_cmd) for wr_cmd
    lcd.o(i.mover_pelota_der) refers to lcd.o(i.lcd_clear_L1) for lcd_clear_L1
    lcd.o(i.mover_pelota_der) refers to lcd.o(i.copy_to_lcd) for copy_to_lcd
    lcd.o(i.mover_pelota_der) refers to lcd.o(.bss) for buffer
[...]
    .text                                    0x000002cc   Section        0  noretval__2sprintf.o(.text)
    .text                                    0x000002f4   Section        0  heapauxi.o(.text)
    .text                                    0x000002fa   Section        2  use_no_semi.o(.text)
    .ARM.__at_0x02FC                         0x000002fc   Section        4  startup_lpc17xx.o(.ARM.__at_0x02FC)
    .text                                    0x00000300   Section       60  startup_lpc17xx.o(.text)
    .text                                    0x0000033c   Section        0  __printf.o(.text)
    .text                                    0x000003a4   Section        0  _printf_dec.o(.text)
    .text                                    0x0000041c   Section        0  exit.o(.text)
    .text                                    0x0000042e   Section        0  strlen.o(.text)
    .text                                    0x0000046c   Section       78  rt_memclr_w.o(.text)
    .text                                    0x000004ba   Section        0  _printf_intcommon.o(.text)
    .text                                    0x0000056c   Section        0  _printf_char_common.o(.text)
    _printf_input_char                       0x0000056d   Thumb Code    10  _printf_char_common.o(.text)
    .text                                    0x0000059c   Section        0  _sputc.o(.text)
    .text                                    0x000005a8   Section        0  sys_exit.o(.text)
    .text                                    0x000005b4   Section       74  sys_stackheap_outer.o(.text)
    .text                                    0x000005fe   Section        0  indicate_semi.o(.text)
    SVC_TABLE                                0x00000600   Section        4  svc_table.o(SVC_TABLE)
    i.Clear_Channel_active_flag              0x00000604   Section        0  gpdma_lpc17xx.o(i.Clear_Channel_active_flag)
    Clear_Channel_active_flag                0x00000605   Thumb Code    28  gpdma_lpc17xx.o(i.Clear_Channel_active_flag)
    i.DMA_IRQHandler                         0x00000624   Section        0  gpdma_lpc17xx.o(i.DMA_IRQHandler)
    i.EINT3_IRQHandler                       0x000007a4   Section        0  thread.o(i.EINT3_IRQHandler)
    i.EscribeFrase_L2                        0x00000864   Section        0  lcd.o(i.EscribeFrase_L2)
    i.EscribeLetra_L2                        0x00000894   Section        0  lcd.o(i.EscribeLetra_L2)
    i.GPDMA_ChannelConfigure                 0x00000908   Section        0  gpdma_lpc17xx.o(i.GPDMA_ChannelConfigure)
    i.GPDMA_ChannelDisable                   0x000009fc   Section        0  gpdma_lpc17xx.o(i.GPDMA_ChannelDisable)
    i.GPDMA_ChannelGetCount                  0x00000a2c   Section        0  gpdma_lpc17xx.o(i.GPDMA_ChannelGetCount)
    i.GPDMA_Initialize                       0x00000a5c   Section        0  gpdma_lpc17xx.o(i.GPDMA_Initialize)
    i.GPDMA_PeripheralSelect                 0x00000b0c   Section        0  gpdma_lpc17xx.o(i.GPDMA_PeripheralSelect)
    i.GPDMA_Uninitialize                     0x00000b50   Section        0  gpdma_lpc17xx.o(i.GPDMA_Uninitialize)
    i.GPIO_PinRead                           0x00000bb8   Section        0  gpio_lpc17xx.o(i.GPIO_PinRead)
    i.GPIO_PinWrite                          0x00000bd8   Section        0  gpio_lpc17xx.o(i.GPIO_PinWrite)
    i.GPIO_SetDir                            0x00000c00   Section        0  gpio_lpc17xx.o(i.GPIO_SetDir)
    i.GetSSPClockFreq                        0x00000c38   Section        0  ssp_lpc17xx.o(i.GetSSPClockFreq)
    GetSSPClockFreq                          0x00000c39   Thumb Code    64  ssp_lpc17xx.o(i.GetSSPClockFreq)
    i.Init_Thread                            0x00000c7c   Section        0  thread.o(i.Init_Thread)
    i.PIN_Configure                          0x00000cbc   Section        0  pin_lpc17xx.o(i.PIN_Configure)
    i.SSP1_Control                           0x00000db8   Section        0  ssp_lpc17xx.o(i.SSP1_Control)
    SSP1_Control                             0x00000db9   Thumb Code    18  ssp_lpc17xx.o(i.SSP1_Control)
    i.SSP1_GPDMA_Rx_SignalEvent              0x00000dd0   Section        0  ssp_lpc17xx.o(i.SSP1_GPDMA_Rx_SignalEvent)
    i.SSP1_GPDMA_Tx_SignalEvent              0x00000de4   Section        0  ssp_lpc17xx.o(i.SSP1_GPDMA_Tx_SignalEvent)
    i.SSP1_GetDataCount                      0x00000df8   Section        0  ssp_lpc17xx.o(i.SSP1_GetDataCount)
    SSP1_GetDataCount                        0x00000df9   Thumb Code    10  ssp_lpc17xx.o(i.SSP1_GetDataCount)
    i.SSP1_GetStatus                         0x00000e08   Section        0  ssp_lpc17xx.o(i.SSP1_GetStatus)
    SSP1_GetStatus                           0x00000e09   Thumb Code    12  ssp_lpc17xx.o(i.SSP1_GetStatus)
    i.SSP1_IRQHandler                        0x00000e18   Section        0  ssp_lpc17xx.o(i.SSP1_IRQHandler)
    i.SSP1_Initialize                        0x00000e28   Section        0  ssp_lpc17xx.o(i.SSP1_Initialize)
    SSP1_Initialize                          0x00000e29   Thumb Code    14  ssp_lpc17xx.o(i.SSP1_Initialize)
    i.SSP1_PowerControl                      0x00000e3c   Section        0  ssp_lpc17xx.o(i.SSP1_PowerControl)
    SSP1_PowerControl                        0x00000e3d   Thumb Code    14  ssp_lpc17xx.o(i.SSP1_PowerControl)
    i.SSP1_Receive                           0x00000e50   Section        0  ssp_lpc17xx.o(i.SSP1_Receive)
    SSP1_Receive                             0x00000e51   Thumb Code    18  ssp_lpc17xx.o(i.SSP1_Receive)
    i.SSP1_Send                              0x00000e68   Section        0  ssp_lpc17xx.o(i.SSP1_Send)
    SSP1_Send                                0x00000e69   Thumb Code    18  ssp_lpc17xx.o(i.SSP1_Send)
    i.SSP1_Transfer                          0x00000e80   Section        0  ssp_lpc17xx.o(i.SSP1_Transfer)
    SSP1_Transfer                            0x00000e81   Thumb Code    22  ssp_lpc17xx.o(i.SSP1_Transfer)
    i.SSP1_Uninitialize                      0x00000e9c   Section        0  ssp_lpc17xx.o(i.SSP1_Uninitialize)
    SSP1_Uninitialize                        0x00000e9d   Thumb Code    10  ssp_lpc17xx.o(i.SSP1_Uninitialize)
    i.SSP_GetCapabilities                    0x00000eac   Section        0  ssp_lpc17xx.o(i.SSP_GetCapabilities)
    SSP_GetCapabilities                      0x00000ead   Thumb Code     6  ssp_lpc17xx.o(i.SSP_GetCapabilities)
    i.SSP_GetVersion                         0x00000eb8   Section        0  ssp_lpc17xx.o(i.SSP_GetVersion)
    SSP_GetVersion                           0x00000eb9   Thumb Code    10  ssp_lpc17xx.o(i.SSP_GetVersion)
    i.SSPx_Control                           0x00000ec8   Section        0  ssp_lpc17xx.o(i.SSPx_Control)
    SSPx_Control                             0x00000ec9   Thumb Code  1310  ssp_lpc17xx.o(i.SSPx_Control)
    i.SSPx_GPDMA_Rx_SignalEvent              0x000013e6   Section        0  ssp_lpc17xx.o(i.SSPx_GPDMA_Rx_SignalEvent)
    i.SSPx_GPDMA_Tx_SignalEvent              0x0000141c   Section        0  ssp_lpc17xx.o(i.SSPx_GPDMA_Tx_SignalEvent)
    i.SSPx_GetDataCount                      0x00001438   Section        0  ssp_lpc17xx.o(i.SSPx_GetDataCount)
    SSPx_GetDataCount                        0x00001439   Thumb Code    44  ssp_lpc17xx.o(i.SSPx_GetDataCount)
    i.SSPx_GetStatus                         0x00001464   Section        0  ssp_lpc17xx.o(i.SSPx_GetStatus)
    SSPx_GetStatus                           0x00001465   Thumb Code    44  ssp_lpc17xx.o(i.SSPx_GetStatus)
    i.SSPx_IRQHandler                        0x00001490   Section        0  ssp_lpc17xx.o(i.SSPx_IRQHandler)
    SSPx_IRQHandler                          0x00001491   Thumb Code   260  ssp_lpc17xx.o(i.SSPx_IRQHandler)
    i.SSPx_Initialize                        0x00001594   Section        0  ssp_lpc17xx.o(i.SSPx_Initialize)
    SSPx_Initialize                          0x00001595   Thumb Code   168  ssp_lpc17xx.o(i.SSPx_Initialize)
    i.SSPx_PowerControl                      0x0000163c   Section        0  ssp_lpc17xx.o(i.SSPx_PowerControl)
    SSPx_PowerControl                        0x0000163d   Thumb Code   432  ssp_lpc17xx.o(i.SSPx_PowerControl)
    i.SSPx_Receive                           0x000017f0   Section        0  ssp_lpc17xx.o(i.SSPx_Receive)
    SSPx_Receive                             0x000017f1   Thumb Code   344  ssp_lpc17xx.o(i.SSPx_Receive)
    i.SSPx_Send                              0x0000194c   Section        0  ssp_lpc17xx.o(i.SSPx_Send)
    SSPx_Send                                0x0000194d   Thumb Code   336  ssp_lpc17xx.o(i.SSPx_Send)
    i.SSPx_Transfer                          0x00001aa0   Section        0  ssp_lpc17xx.o(i.SSPx_Transfer)
    SSPx_Transfer                            0x00001aa1   Thumb Code   338  ssp_lpc17xx.o(i.SSPx_Transfer)
    i.SSPx_Uninitialize                      0x00001bf2   Section        0  ssp_lpc17xx.o(i.SSPx_Uninitialize)
    SSPx_Uninitialize                        0x00001bf3   Thumb Code   112  ssp_lpc17xx.o(i.SSPx_Uninitialize)
    i.Set_Channel_active_flag                0x00001c64   Section        0  gpdma_lpc17xx.o(i.Set_Channel_active_flag)
    Set_Channel_active_flag                  0x00001c65   Thumb Code    50  gpdma_lpc17xx.o(i.Set_Channel_active_flag)
    i.SystemInit                             0x00001c9c   Section        0  system_lpc17xx.o(i.SystemInit)
    i.__NVIC_ClearPendingIRQ                 0x00001ddc   Section        0  ssp_lpc17xx.o(i.__NVIC_ClearPendingIRQ)
    __NVIC_ClearPendingIRQ                   0x00001ddd   Thumb Code    22  ssp_lpc17xx.o(i.__NVIC_ClearPendingIRQ)
    i.__NVIC_ClearPendingIRQ                 0x00001df8   Section        0  gpdma_lpc17xx.o(i.__NVIC_ClearPendingIRQ)
    __NVIC_ClearPendingIRQ                   0x00001df9   Thumb Code    22  gpdma_lpc17xx.o(i.__NVIC_ClearPendingIRQ)
    i._init_box                              0x00001e14   Section        0  rt_membox.o(i._init_box)
    i._mutex_acquire                         0x00001e5c   Section        0  rtx_conf_cm.o(i._mutex_acquire)
    __tagsym$$used                           0x00001e5d   Number         0  rtx_conf_cm.o(i._mutex_acquire)
    i._mutex_release                         0x00001e7c   Section        0  rtx_conf_cm.o(i._mutex_release)
    __tagsym$$used                           0x00001e7d   Number         0  rtx_conf_cm.o(i._mutex_release)
    i.control                                0x00001e98   Section        0  thread.o(i.control)
    i.copy_to_lcd                            0x00001f38   Section        0  lcd.o(i.copy_to_lcd)
    i.dbg_init                               0x00001fec   Section        0  hal_cm.o(i.dbg_init)
    i.dbg_task_notify                        0x0000201c   Section        0  hal_cm.o(i.dbg_task_notify)
    i.dbg_task_switch                        0x0000203c   Section        0  hal_cm.o(i.dbg_task_switch)
    i.init_pelota                            0x0000204c   Section        0  lcd.o(i.init_pelota)
    i.isrMessagePut                          0x00002078   Section        0  rt_cmsis.o(i.isrMessagePut)
    i.isrSignalSet                           0x000020a4   Section        0  rt_cmsis.o(i.isrSignalSet)
    i.isr_evt_set                            0x000020c8   Section        0  rt_event.o(i.isr_evt_set)
    i.isr_mbx_send                           0x000020f0   Section        0  rt_mailbox.o(i.isr_mbx_send)
    i.joy                                    0x00002100   Section        0  thread.o(i.joy)
    i.lcd_clear                              0x000021f4   Section        0  lcd.o(i.lcd_clear)
    i.lcd_clear_L1                           0x00002200   Section        0  lcd.o(i.lcd_clear_L1)
    i.lcd_clear_L2                           0x00002220   Section        0  lcd.o(i.lcd_clear_L2)
    i.lcd_init                               0x00002244   Section        0  lcd.o(i.lcd_init)
    i.lcd_reset                              0x000022d0   Section        0  lcd.o(i.lcd_reset)
    i.main                                   0x0000231c   Section        0  main.o(i.main)
    i.mover_pelota_der                       0x00002340   Section        0  lcd.o(i.mover_pelota_der)
    i.mover_pelota_izq                       0x00002368   Section        0  lcd.o(i.mover_pelota_izq)
    i.osDelay                                0x00002390   Section        0  rt_cmsis.o(i.osDelay)
    i.osKernelInitialize                     0x000023a8   Section        0  rt_cmsis.o(i.osKernelInitialize)
    i.osKernelStart                          0x000023cc   Section        0  rt_cmsis.o(i.osKernelStart)
    i.osSignalSet                            0x00002438   Section        0  rt_cmsis.o(i.osSignalSet)
    i.osSignalWait                           0x00002450   Section        0  rt_cmsis.o(i.osSignalWait)
    i.osThreadCreate                         0x00002468   Section        0  rt_cmsis.o(i.osThreadCreate)
    i.osThreadExit                           0x00002494   Section        0  rt_cmsis.o(i.osThreadExit)
    i.osThreadYield                          0x000024ac   Section        0  rt_cmsis.o(i.osThreadYield)
    i.os_error                               0x000024c4   Section        0  rtx_conf_cm.o(i.os_error)
    i.os_idle_demon                          0x000024e6   Section        0  rtx_conf_cm.o(i.os_idle_demon)
    i.os_tick_init                           0x000024ec   Section        0  rt_system.o(i.os_tick_init)
    i.os_tick_irqack                         0x00002514   Section        0  rt_system.o(i.os_tick_irqack)
    i.perif_init                             0x00002518   Section        0  perifericos.o(i.perif_init)
    i.retardo                                0x000025d8   Section        0  lcd.o(i.retardo)
    retardo                                  0x000025d9   Thumb Code    18  lcd.o(i.retardo)
    i.rt_alloc_box                           0x000025ea   Section        0  rt_membox.o(i.rt_alloc_box)
    i.rt_alloc_mem                           0x00002604   Section        0  rt_memory.o(i.rt_alloc_mem)
    i.rt_block                               0x00002644   Section        0  rt_task.o(i.rt_block)
    i.rt_chk_robin                           0x0000267c   Section        0  rt_robin.o(i.rt_chk_robin)
    i.rt_dec_dly                             0x000026c4   Section        0  rt_list.o(i.rt_dec_dly)
    i.rt_dispatch                            0x00002734   Section        0  rt_task.o(i.rt_dispatch)
    i.rt_dly_wait                            0x00002778   Section        0  rt_time.o(i.rt_dly_wait)
    i.rt_evt_psh                             0x00002780   Section        0  rt_event.o(i.rt_evt_psh)
    i.rt_evt_set                             0x000027d0   Section        0  rt_event.o(i.rt_evt_set)
    i.rt_evt_wait                            0x0000282c   Section        0  rt_event.o(i.rt_evt_wait)
    i.rt_free_box                            0x00002868   Section        0  rt_membox.o(i.rt_free_box)
    i.rt_free_mem                            0x00002894   Section        0  rt_memory.o(i.rt_free_mem)
    i.rt_get_first                           0x000028bc   Section        0  rt_list.o(i.rt_get_first)
    i.rt_get_same_rdy_prio                   0x000028e4   Section        0  rt_list.o(i.rt_get_same_rdy_prio)
    i.rt_init_context                        0x00002908   Section        0  rt_task.o(i.rt_init_context)
    rt_init_context                          0x00002909   Thumb Code    66  rt_task.o(i.rt_init_context)
    i.rt_init_mem                            0x00002950   Section        0  rt_memory.o(i.rt_init_mem)
    i.rt_init_robin                          0x0000296c   Section        0  rt_robin.o(i.rt_init_robin)
    i.rt_init_stack                          0x00002984   Section        0  hal_cm.o(i.rt_init_stack)
    i.rt_mbx_check                           0x00002a04   Section        0  rt_mailbox.o(i.rt_mbx_check)
    i.rt_mbx_init                            0x00002a0c   Section        0  rt_mailbox.o(i.rt_mbx_init)
    i.rt_mbx_psh                             0x00002a28   Section        0  rt_mailbox.o(i.rt_mbx_psh)
    i.rt_ms2tick                             0x00002b18   Section        0  rt_cmsis.o(i.rt_ms2tick)
    rt_ms2tick                               0x00002b19   Thumb Code    58  rt_cmsis.o(i.rt_ms2tick)
    i.rt_mut_release                         0x00002b5c   Section        0  rt_mutex.o(i.rt_mut_release)
    i.rt_mut_wait                            0x00002c34   Section        0  rt_mutex.o(i.rt_mut_wait)
    i.rt_pop_req                             0x00002cac   Section        0  rt_system.o(i.rt_pop_req)
    i.rt_psh_req                             0x00002d28   Section        0  rt_system.o(i.rt_psh_req)
    i.rt_psq_enq                             0x00002d48   Section        0  rt_list.o(i.rt_psq_enq)
    i.rt_put_dly                             0x00002da4   Section        0  rt_list.o(i.rt_put_dly)
    i.rt_put_prio                            0x00002dec   Section        0  rt_list.o(i.rt_put_prio)
    i.rt_put_rdy_first                       0x00002e24   Section        0  rt_list.o(i.rt_put_rdy_first)
    i.rt_resort_prio                         0x00002e38   Section        0  rt_list.o(i.rt_resort_prio)
    i.rt_ret_val                             0x00002e6c   Section        0  hal_cm.o(i.rt_ret_val)
    i.rt_ret_val2                            0x00002e72   Section        0  hal_cm.o(i.rt_ret_val2)
    i.rt_rmv_dly                             0x00002e7a   Section        0  rt_list.o(i.rt_rmv_dly)
    i.rt_rmv_list                            0x00002ea4   Section        0  rt_list.o(i.rt_rmv_list)
    i.rt_sem_psh                             0x00002ed4   Section        0  rt_semaphore.o(i.rt_sem_psh)
    i.rt_stk_check                           0x00002f08   Section        0  rt_system.o(i.rt_stk_check)
    i.rt_switch_req                          0x00002f2c   Section        0  rt_task.o(i.rt_switch_req)
    i.rt_sys_init                            0x00002f54   Section        0  rt_task.o(i.rt_sys_init)
    i.rt_sys_start                           0x00003020   Section        0  rt_task.o(i.rt_sys_start)
    i.rt_systick                             0x00003098   Section        0  rt_system.o(i.rt_systick)
    i.rt_tid2ptcb                            0x000030d8   Section        0  rt_cmsis.o(i.rt_tid2ptcb)
    rt_tid2ptcb                              0x000030d9   Thumb Code    18  rt_cmsis.o(i.rt_tid2ptcb)
    i.rt_timer_insert                        0x000030ec   Section        0  rt_cmsis.o(i.rt_timer_insert)
    rt_timer_insert                          0x000030ed   Thumb Code    48  rt_cmsis.o(i.rt_timer_insert)
    i.rt_tsk_create                          0x00003120   Section        0  rt_task.o(i.rt_tsk_create)
    i.rt_tsk_delete                          0x000031a8   Section        0  rt_task.o(i.rt_tsk_delete)
    i.rt_tsk_pass                            0x00003324   Section        0  rt_task.o(i.rt_tsk_pass)
    i.rt_tsk_prio                            0x00003354   Section        0  rt_task.o(i.rt_tsk_prio)
    i.rt_tsk_self                            0x000033d0   Section        0  rt_task.o(i.rt_tsk_self)
    i.svcDelay                               0x000033e0   Section        0  rt_cmsis.o(i.svcDelay)
    i.svcKernelInitialize                    0x000033f4   Section        0  rt_cmsis.o(i.svcKernelInitialize)
    i.svcKernelStart                         0x00003464   Section        0  rt_cmsis.o(i.svcKernelStart)
    i.svcMessageCreate                       0x000034ac   Section        0  rt_cmsis.o(i.svcMessageCreate)
    i.svcSignalSet                           0x000034d0   Section        0  rt_cmsis.o(i.svcSignalSet)
    i.svcSignalWait                          0x000034f4   Section        0  rt_cmsis.o(i.svcSignalWait)
    i.svcThreadCreate                        0x00003548   Section        0  rt_cmsis.o(i.svcThreadCreate)
    i.svcThreadGetId                         0x000035b4   Section        0  rt_cmsis.o(i.svcThreadGetId)
    i.svcThreadTerminate                     0x000035d0   Section        0  rt_cmsis.o(i.svcThreadTerminate)
    i.svcThreadYield                         0x00003608   Section        0  rt_cmsis.o(i.svcThreadYield)
    i.sysTimerTick                           0x00003614   Section        0  rt_cmsis.o(i.sysTimerTick)
    i.wr_cmd                                 0x00003670   Section        0  lcd.o(i.wr_cmd)
    wr_cmd                                   0x00003671   Thumb Code    46  lcd.o(i.wr_cmd)
    i.wr_data                                0x000036a4   Section        0  lcd.o(i.wr_data)
    wr_data                                  0x000036a5   Thumb Code    46  lcd.o(i.wr_data)
    .constdata                               0x000036d8   Section       32  thread.o(.constdata)
    .constdata                               0x000036f8   Section     2400  lcd.o(.constdata)
    .constdata                               0x00004058   Section      104  rtx_conf_cm.o(.constdata)
    __tagsym$$used                           0x00004074   Number         0  rtx_conf_cm.o(.constdata)
    __tagsym$$used                           0x00004078   Number         0  rtx_conf_cm.o(.constdata)
    __tagsym$$used                           0x0000407c   Number         0  rtx_conf_cm.o(.constdata)
    __tagsym$$used                           0x00004080   Number         0  rtx_conf_cm.o(.constdata)
    .constdata                               0x000040c0   Section      132  ssp_lpc17xx.o(.constdata)
    DriverVersion                            0x000040c0   Data           4  ssp_lpc17xx.o(.constdata)
    DriverCapabilities                       0x000040c4   Data           4  ssp_lpc17xx.o(.constdata)
    SSP1_pin_sck                             0x000040c8   Data           2  ssp_lpc17xx.o(.constdata)
    SSP1_pin_miso                            0x000040ca   Data           2  ssp_lpc17xx.o(.constdata)
    SSP1_pin_mosi                            0x000040cc   Data           2  ssp_lpc17xx.o(.constdata)
    SSP1_Resources                           0x000040d0   Data          72  ssp_lpc17xx.o(.constdata)
    .bss                                     0x10000000   Section    10140  rtx_conf_cm.o(.bss)
    std_libspace                             0x1000241c   Data         768  rtx_conf_cm.o(.bss)
    std_libmutex                             0x1000271c   Data         128  rtx_conf_cm.o(.bss)
    .data                                    0x2007c000   Section       16  thread.o(.data)
    posicion                                 0x2007c00c   Data           4  thread.o(.data)
    .data                                    0x2007c010   Section        8  lcd.o(.data)
    posicionL1                               0x2007c014   Data           1  lcd.o(.data)
    posicionL2                               0x2007c016   Data           2  lcd.o(.data)
    .data                                    0x2007c018   Section       20  rtx_conf_cm.o(.data)
    nr_mutex                                 0x2007c028   Data           4  rtx_conf_cm.o(.data)
    .data                                    0x2007c02c   Section        8  ssp_lpc17xx.o(.data)
    dummy_data                               0x2007c02c   Data           4  ssp_lpc17xx.o(.data)
    dummy_data                               0x2007c030   Data           4  ssp_lpc17xx.o(.data)
    .data                                    0x2007c034   Section        8  gpdma_lpc17xx.o(.data)
    Channel_active                           0x2007c034   Data           4  gpdma_lpc17xx.o(.data)
    Init_cnt                                 0x2007c038   Data           4  gpdma_lpc17xx.o(.data)
    .data                                    0x2007c03c   Section        4  system_lpc17xx.o(.data)
    .data                                    0x2007c040   Section        8  rt_cmsis.o(.data)
    .data                                    0x2007c048   Section        8  rt_task.o(.data)
    .data                                    0x2007c050   Section        8  rt_system.o(.data)
    os_lock                                  0x2007c050   Data           1  rt_system.o(.data)
    os_psh_flag                              0x2007c051   Data           1  rt_system.o(.data)
    pend_flags                               0x2007c052   Data           1  rt_system.o(.data)
    .data                                    0x2007c058   Section        4  rt_time.o(.data)
    .data                                    0x2007c05c   Section        8  rt_robin.o(.data)
    .data                                    0x2007c064   Section        1  hal_cm.o(.data)
    .bss                                     0x2007c068   Section      128  thread.o(.bss)
    str                                      0x2007c0a8   Data          64  thread.o(.bss)
    .bss                                     0x2007c0e8   Section      512  lcd.o(.bss)
    .bss                                     0x2007c2e8   Section       44  ssp_lpc17xx.o(.bss)
    SSP1_Info                                0x2007c2e8   Data          16  ssp_lpc17xx.o(.bss)
    SSP1_Xfer                                0x2007c2f8   Data          28  ssp_lpc17xx.o(.bss)
    .bss                                     0x2007c314   Section      160  gpdma_lpc17xx.o(.bss)
    Channel_info                             0x2007c314   Data         160  gpdma_lpc17xx.o(.bss)
    .bss                                     0x2007c3b4   Section       52  rt_task.o(.bss)
    .bss                                     0x2007c3e8   Section       48  rt_list.o(.bss)
    .bss                                     0x2007c418   Section       96  libspace.o(.bss)
    HEAP                                     0x2007c478   Section        0  startup_lpc17xx.o(HEAP)
    STACK                                    0x2007c478   Section      512  startup_lpc17xx.o(STACK)
    Heap_Mem                                 0x2007c478   Data           0  startup_lpc17xx.o(HEAP)
    Stack_Mem                                0x2007c478   Data         512  startup_lpc17xx.o(STACK)
    __initial_sp                             0x2007c678   Data           0  startup_lpc17xx.o(STACK)

    Global Symbols

    Symbol Name                              Value     Ov Type        Size  Object(Section)

    BuildAttributes$$THM_ISAv4$P$D$K$B$S$PE$A:L22UL41UL21$X:L11$S22US41US21$IEEE1$IW$USESV6$~STKCKD$USESV7$~SHL$OSPACE$ROPI$EBA8$UX$STANDARDLIB$REQ8$PRES8$EABIv2 0x00000000   Number         0  anon$$obj.o ABSOLUTE
    __ARM_use_no_argv                        0x00000000   Number         0  main.o ABSOLUTE
    __Vectors                                0x00000000   Data           4  startup_lpc17xx.o(RESET)
    __ARM_exceptions_init                     - Undefined Weak Reference
    __alloca_initialize                       - Undefined Weak Reference
    __arm_fini_                               - Undefined Weak Reference
    __arm_preinit_                            - Undefined Weak Reference
    __cpp_initialize__aeabi_                  - Undefined Weak Reference
    __cxa_finalize                            - Undefined Weak Reference
    __rt_locale                               - Undefined Weak Reference
    __sigvec_lookup                           - Undefined Weak Reference
    _atexit_init                              - Undefined Weak Reference
    _call_atexit_fns                          - Undefined Weak Reference
    _clock_init                               - Undefined Weak Reference
    _fp_trap_init                             - Undefined Weak Reference
    _fp_trap_shutdown                         - Undefined Weak Reference
    _get_lc_collate                           - Undefined Weak Reference
    _get_lc_ctype                             - Undefined Weak Reference
    _get_lc_monetary                          - Undefined Weak Reference
    _get_lc_numeric                           - Undefined Weak Reference
    _get_lc_time                              - Undefined Weak Reference
    _getenv_init                              - Undefined Weak Reference
    _handle_redirection                       - Undefined Weak Reference
    _init_alloc                               - Undefined Weak Reference
    _init_user_alloc                          - Undefined Weak Reference
    _initio                                   - Undefined Weak Reference
    _printf_post_padding                      - Undefined Weak Reference
    _printf_pre_padding                       - Undefined Weak Reference
    _printf_truncate_signed                   - Undefined Weak Reference
    _printf_truncate_unsigned                 - Undefined Weak Reference
    _rand_init                                - Undefined Weak Reference
    _signal_finish                            - Undefined Weak Reference
    _signal_init                              - Undefined Weak Reference
    _terminate_alloc                          - Undefined Weak Reference
    _terminate_user_alloc                     - Undefined Weak Reference
    _terminateio                              - Undefined Weak Reference
    __main                                   0x000000cd   Thumb Code     8  __main.o(!!!main)
    __scatterload                            0x000000d5   Thumb Code     0  __scatter.o(!!!scatter)
    __scatterload_rt2                        0x000000d5   Thumb Code    44  __scatter.o(!!!scatter)
    __scatterload_rt2_thumb_only             0x000000d5   Thumb Code     0  __scatter.o(!!!scatter)
    __scatterload_null                       0x000000e3   Thumb Code     0  __scatter.o(!!!scatter)
    __scatterload_copy                       0x00000109   Thumb Code    26  __scatter_copy.o(!!handler_copy)
    __scatterload_zeroinit                   0x00000125   Thumb Code    28  __scatter_zi.o(!!handler_zi)
    _printf_d                                0x00000141   Thumb Code     0  _printf_d.o(.ARM.Collect$$_printf_percent$$00000009)
    _printf_percent                          0x00000141   Thumb Code     0  _printf_percent.o(.ARM.Collect$$_printf_percent$$00000000)
    _printf_percent_end                      0x00000147   Thumb Code     0  _printf_percent_end.o(.ARM.Collect$$_printf_percent$$00000017)
    __rt_lib_init                            0x0000014b   Thumb Code     0  libinit.o(.ARM.Collect$$libinit$$00000000)
    __rt_lib_init_alloca_1                   0x0000014d   Thumb Code     0  libinit2.o(.ARM.Collect$$libinit$$0000002E)
    __rt_lib_init_argv_1                     0x0000014d   Thumb Code     0  libinit2.o(.ARM.Collect$$libinit$$0000002C)
    __rt_lib_init_atexit_1                   0x0000014d   Thumb Code     0  libinit2.o(.ARM.Collect$$libinit$$0000001B)
    __rt_lib_init_clock_1                    0x0000014d   Thumb Code     0  libinit2.o(.ARM.Collect$$libinit$$00000021)
    __rt_lib_init_cpp_1                      0x0000014d   Thumb Code     0  libinit2.o(.ARM.Collect$$libinit$$00000032)
    __rt_lib_init_exceptions_1               0x0000014d   Thumb Code     0  libinit2.o(.ARM.Collect$$libinit$$00000030)
    __rt_lib_init_fp_1                       0x0000014d   Thumb Code     0  libinit2.o(.ARM.Collect$$libinit$$00000002)
    __rt_lib_init_fp_trap_1                  0x0000014d   Thumb Code     0  libinit2.o(.ARM.Collect$$libinit$$0000001F)
    __rt_lib_init_getenv_1                   0x0000014d   Thumb Code     0  libinit2.o(.ARM.Collect$$libinit$$00000023)
    __rt_lib_init_heap_1                     0x0000014d   Thumb Code     0  libinit2.o(.ARM.Collect$$libinit$$0000000A)
    __rt_lib_init_lc_collate_1               0x0000014d   Thumb Code     0  libinit2.o(.ARM.Collect$$libinit$$00000011)
    __rt_lib_init_lc_ctype_1                 0x0000014d   Thumb Code     0  libinit2.o(.ARM.Collect$$libinit$$00000013)
    __rt_lib_init_lc_monetary_1              0x0000014d   Thumb Code     0  libinit2.o(.ARM.Collect$$libinit$$00000015)
    __rt_lib_init_lc_numeric_1               0x0000014d   Thumb Code     0  libinit2.o(.ARM.Collect$$libinit$$00000017)
    __rt_lib_init_lc_time_1                  0x0000014d   Thumb Code     0  libinit2.o(.ARM.Collect$$libinit$$00000019)
    __rt_lib_init_preinit_1                  0x0000014d   Thumb Code     0  libinit2.o(.ARM.Collect$$libinit$$00000004)
    __rt_lib_init_rand_1                     0x0000014d   Thumb Code     0  libinit2.o(.ARM.Collect$$libinit$$0000000E)
    __rt_lib_init_return                     0x0000014d   Thumb Code     0  libinit2.o(.ARM.Collect$$libinit$$00000033)
    __rt_lib_init_signal_1                   0x0000014d   Thumb Code     0  libinit2.o(.ARM.Collect$$libinit$$0000001D)
    __rt_lib_init_stdio_1                    0x0000014d   Thumb Code     0  libinit2.o(.ARM.Collect$$libinit$$00000025)
    __rt_lib_init_user_alloc_1               0x0000014d   Thumb Code     0  libinit2.o(.ARM.Collect$$libinit$$0000000C)
    __rt_lib_shutdown                        0x0000014f   Thumb Code     0  libshutdown.o(.ARM.Collect$$libshutdown$$00000000)
    __rt_lib_shutdown_cpp_1                  0x00000151   Thumb Code     0  libshutdown2.o(.ARM.Collect$$libshutdown$$00000004)
    __rt_lib_shutdown_fini_1                 0x00000151   Thumb Code     0  libshutdown2.o(.ARM.Collect$$libshutdown$$00000002)
    __rt_lib_shutdown_fp_trap_1              0x00000151   Thumb Code     0  libshutdown2.o(.ARM.Collect$$libshutdown$$00000009)
    __rt_lib_shutdown_heap_1                 0x00000151   Thumb Code     0  libshutdown2.o(.ARM.Collect$$libshutdown$$00000011)
    __rt_lib_shutdown_return                 0x00000151   Thumb Code     0  libshutdown2.o(.ARM.Collect$$libshutdown$$00000012)
    __rt_lib_shutdown_signal_1               0x00000151   Thumb Code     0  libshutdown2.o(.ARM.Collect$$libshutdown$$0000000C)
    __rt_lib_shutdown_stdio_1                0x00000151   Thumb Code     0  libshutdown2.o(.ARM.Collect$$libshutdown$$00000006)
    __rt_lib_shutdown_user_alloc_1           0x00000151   Thumb Code     0  libshutdown2.o(.ARM.Collect$$libshutdown$$0000000E)
    __rt_entry                               0x00000153   Thumb Code     0  __rtentry.o(.ARM.Collect$$rtentry$$00000000)
    __rt_entry_presh_1                       0x00000153   Thumb Code     0  __rtentry2.o(.ARM.Collect$$rtentry$$00000002)
    __rt_entry_sh                            0x00000153   Thumb Code     0  __rtentry4.o(.ARM.Collect$$rtentry$$00000004)
    __rt_entry_li                            0x00000159   Thumb Code     0  __rtentry2.o(.ARM.Collect$$rtentry$$0000000A)
    __rt_entry_postsh_1                      0x00000159   Thumb Code     0  __rtentry2.o(.ARM.Collect$$rtentry$$00000009)
    __rt_entry_postli_1                      0x0000015d   Thumb Code     0  __rtentry2.o(.ARM.Collect$$rtentry$$0000000B)
    __rt_entry_main                          0x00000165   Thumb Code     0  __rtentry2.o(.ARM.Collect$$rtentry$$0000000D)
    __rt_exit                                0x0000016d   Thumb Code     0  rtexit.o(.ARM.Collect$$rtexit$$00000000)
    __rt_exit_ls                             0x0000016f   Thumb Code     0  rtexit2.o(.ARM.Collect$$rtexit$$00000003)
    __rt_exit_prels_1                        0x0000016f   Thumb Code     0  rtexit2.o(.ARM.Collect$$rtexit$$00000002)
    __rt_exit_exit                           0x00000173   Thumb Code     0  rtexit2.o(.ARM.Collect$$rtexit$$00000004)
    _platform_post_lib_init                  0x00000179   Thumb Code    24  rtx_conf_cm.o(.emb_text)
    rt_set_PSP                               0x00000195   Thumb Code     6  hal_cm3.o(.emb_text)
    rt_get_PSP                               0x0000019b   Thumb Code     6  hal_cm3.o(.emb_text)
    os_set_env                               0x000001a1   Thumb Code    24  hal_cm3.o(.emb_text)
    _alloc_box                               0x000001bd   Thumb Code    28  hal_cm3.o(.emb_text)
    _free_box                                0x000001dd   Thumb Code    28  hal_cm3.o(.emb_text)
    SVC_Handler                              0x000001fd   Thumb Code   108  hal_cm3.o(.emb_text)
    PendSV_Handler                           0x00000275   Thumb Code    56  hal_cm3.o(.emb_text)
    SysTick_Handler                          0x000002b1   Thumb Code     8  hal_cm3.o(.emb_text)
    OS_Tick_Handler                          0x000002b9   Thumb Code    12  hal_cm3.o(.emb_text)
    __user_libspace                          0x000002c5   Thumb Code     8  libspace.o(.text)
    __user_perproc_libspace                  0x000002c5   Thumb Code     0  libspace.o(.text)
    __2sprintf                               0x000002cd   Thumb Code    34  noretval__2sprintf.o(.text)
    __use_two_region_memory                  0x000002f5   Thumb Code     2  heapauxi.o(.text)
    __rt_heap_escrow$2region                 0x000002f7   Thumb Code     2  heapauxi.o(.text)
    __rt_heap_expand$2region                 0x000002f9   Thumb Code     2  heapauxi.o(.text)
    __I$use$semihosting                      0x000002fb   Thumb Code     0  use_no_semi.o(.text)
    __use_no_semihosting_swi                 0x000002fb   Thumb Code     2  use_no_semi.o(.text)
    Reset_Handler                            0x00000301   Thumb Code     8  startup_lpc17xx.o(.text)
    NMI_Handler                              0x00000309   Thumb Code     2  startup_lpc17xx.o(.text)
    HardFault_Handler                        0x0000030b   Thumb Code     2  startup_lpc17xx.o(.text)
    MemManage_Handler                        0x0000030d   Thumb Code     2  startup_lpc17xx.o(.text)
    BusFault_Handler                         0x0000030f   Thumb Code     2  startup_lpc17xx.o(.text)
    UsageFault_Handler                       0x00000311   Thumb Code     2  startup_lpc17xx.o(.text)
    DebugMon_Handler                         0x00000315   Thumb Code     2  startup_lpc17xx.o(.text)
    ADC_IRQHandler                           0x0000031b   Thumb Code     0  startup_lpc17xx.o(.text)
    BOD_IRQHandler                           0x0000031b   Thumb Code     0  startup_lpc17xx.o(.text)
    CANActivity_IRQHandler                   0x0000031b   Thumb Code     0  startup_lpc17xx.o(.text)
    CAN_IRQHandler                           0x0000031b   Thumb Code     0  startup_lpc17xx.o(.text)
    EINT0_IRQHandler                         0x0000031b   Thumb Code     0  startup_lpc17xx.o(.text)
    EINT1_IRQHandler                         0x0000031b   Thumb Code     0  startup_lpc17xx.o(.text)
    EINT2_IRQHandler                         0x0000031b   Thumb Code     0  startup_lpc17xx.o(.text)
    ENET_IRQHandler                          0x0000031b   Thumb Code     0  startup_lpc17xx.o(.text)
    I2C0_IRQHandler                          0x0000031b   Thumb Code     0  startup_lpc17xx.o(.text)
    I2C1_IRQHandler                          0x0000031b   Thumb Code     0  startup_lpc17xx.o(.text)
    I2C2_IRQHandler                          0x0000031b   Thumb Code     0  startup_lpc17xx.o(.text)
    I2S_IRQHandler                           0x0000031b   Thumb Code     0  startup_lpc17xx.o(.text)
    MCPWM_IRQHandler                         0x0000031b   Thumb Code     0  startup_lpc17xx.o(.text)
    PLL0_IRQHandler                          0x0000031b   Thumb Code     0  startup_lpc17xx.o(.text)
    PLL1_IRQHandler                          0x0000031b   Thumb Code     0  startup_lpc17xx.o(.text)
    PWM1_IRQHandler                          0x0000031b   Thumb Code     0  startup_lpc17xx.o(.text)
    QEI_IRQHandler                           0x0000031b   Thumb Code     0  startup_lpc17xx.o(.text)
    RIT_IRQHandler                           0x0000031b   Thumb Code     0  startup_lpc17xx.o(.text)
    RTC_IRQHandler                           0x0000031b   Thumb Code     0  startup_lpc17xx.o(.text)
    SPI_IRQHandler                           0x0000031b   Thumb Code     0  startup_lpc17xx.o(.text)
    SSP0_IRQHandler                          0x0000031b   Thumb Code     0  startup_lpc17xx.o(.text)
    TIMER0_IRQHandler                        0x0000031b   Thumb Code     0  startup_lpc17xx.o(.text)
    TIMER1_IRQHandler                        0x0000031b   Thumb Code     0  startup_lpc17xx.o(.text)
    TIMER2_IRQHandler                        0x0000031b   Thumb Code     0  startup_lpc17xx.o(.text)
    TIMER3_IRQHandler                        0x0000031b   Thumb Code     0  startup_lpc17xx.o(.text)
    UART0_IRQHandler                         0x0000031b   Thumb Code     0  startup_lpc17xx.o(.text)
    UART1_IRQHandler                         0x0000031b   Thumb Code     0  startup_lpc17xx.o(.text)
    UART2_IRQHandler                         0x0000031b   Thumb Code     0  startup_lpc17xx.o(.text)
    UART3_IRQHandler                         0x0000031b   Thumb Code     0  startup_lpc17xx.o(.text)
    USBActivity_IRQHandler                   0x0000031b   Thumb Code     0  startup_lpc17xx.o(.text)
    USB_IRQHandler                           0x0000031b   Thumb Code     0  startup_lpc17xx.o(.text)
    WDT_IRQHandler                           0x0000031b   Thumb Code     0  startup_lpc17xx.o(.text)
    __user_initial_stackheap                 0x0000031d   Thumb Code     0  startup_lpc17xx.o(.text)
    __printf                                 0x0000033d   Thumb Code   104  __printf.o(.text)
    _printf_int_dec                          0x000003a5   Thumb Code   104  _printf_dec.o(.text)
    exit                                     0x0000041d   Thumb Code    18  exit.o(.text)
    strlen                                   0x0000042f   Thumb Code    62  strlen.o(.text)
    __aeabi_memclr4                          0x0000046d   Thumb Code     0  rt_memclr_w.o(.text)
    __aeabi_memclr8                          0x0000046d   Thumb Code     0  rt_memclr_w.o(.text)
    __rt_memclr_w                            0x0000046d   Thumb Code    78  rt_memclr_w.o(.text)
    _memset_w                                0x00000471   Thumb Code     0  rt_memclr_w.o(.text)
    __RL_RTX_VER                             0x00000482   Number         0  rt_system.o ABSOLUTE
    _printf_int_common                       0x000004bb   Thumb Code   178  _printf_intcommon.o(.text)
    _printf_char_common                      0x00000577   Thumb Code    32  _printf_char_common.o(.text)
    _sputc                                   0x0000059d   Thumb Code    10  _sputc.o(.text)
    _sys_exit                                0x000005a9   Thumb Code     8  sys_exit.o(.text)
    __user_setup_stackheap                   0x000005b5   Thumb Code    74  sys_stackheap_outer.o(.text)
    __semihosting_library_function           0x000005ff   Thumb Code     0  indicate_semi.o(.text)
    SVC_Count                                0x00000600   Data           4  svc_table.o(SVC_TABLE)
    SVC_Table                                0x00000604   Data           0  svc_table.o(SVC_TABLE)
    DMA_IRQHandler                           0x00000625   Thumb Code   372  gpdma_lpc17xx.o(i.DMA_IRQHandler)
    EINT3_IRQHandler                         0x000007a5   Thumb Code   180  thread.o(i.EINT3_IRQHandler)
    EscribeFrase_L2                          0x00000865   Thumb Code    48  lcd.o(i.EscribeFrase_L2)
    EscribeLetra_L2                          0x00000895   Thumb Code   104  lcd.o(i.EscribeLetra_L2)
    GPDMA_ChannelConfigure                   0x00000909   Thumb Code   232  gpdma_lpc17xx.o(i.GPDMA_ChannelConfigure)
    GPDMA_ChannelDisable                     0x000009fd   Thumb Code    44  gpdma_lpc17xx.o(i.GPDMA_ChannelDisable)
    GPDMA_ChannelGetCount                    0x00000a2d   Thumb Code    38  gpdma_lpc17xx.o(i.GPDMA_ChannelGetCount)
    GPDMA_Initialize                         0x00000a5d   Thumb Code   154  gpdma_lpc17xx.o(i.GPDMA_Initialize)
    GPDMA_PeripheralSelect                   0x00000b0d   Thumb Code    62  gpdma_lpc17xx.o(i.GPDMA_PeripheralSelect)
    GPDMA_Uninitialize                       0x00000b51   Thumb Code    92  gpdma_lpc17xx.o(i.GPDMA_Uninitialize)
    GPIO_PinRead                             0x00000bb9   Thumb Code    28  gpio_lpc17xx.o(i.GPIO_PinRead)
    GPIO_PinWrite                            0x00000bd9   Thumb Code    36  gpio_lpc17xx.o(i.GPIO_PinWrite)
    GPIO_SetDir                              0x00000c01   Thumb Code    52  gpio_lpc17xx.o(i.GPIO_SetDir)
    Init_Thread                              0x00000c7d   Thumb Code    48  thread.o(i.Init_Thread)
    PIN_Configure                            0x00000cbd   Thumb Code   246  pin_lpc17xx.o(i.PIN_Configure)
    SSP1_GPDMA_Rx_SignalEvent                0x00000dd1   Thumb Code    14  ssp_lpc17xx.o(i.SSP1_GPDMA_Rx_SignalEvent)
    SSP1_GPDMA_Tx_SignalEvent                0x00000de5   Thumb Code    14  ssp_lpc17xx.o(i.SSP1_GPDMA_Tx_SignalEvent)
    SSP1_IRQHandler                          0x00000e19   Thumb Code    10  ssp_lpc17xx.o(i.SSP1_IRQHandler)
    SSPx_GPDMA_Rx_SignalEvent                0x000013e7   Thumb Code    54  ssp_lpc17xx.o(i.SSPx_GPDMA_Rx_SignalEvent)
    SSPx_GPDMA_Tx_SignalEvent                0x0000141d   Thumb Code    28  ssp_lpc17xx.o(i.SSPx_GPDMA_Tx_SignalEvent)
    SystemInit                               0x00001c9d   Thumb Code   302  system_lpc17xx.o(i.SystemInit)
    _init_box                                0x00001e15   Thumb Code    70  rt_membox.o(i._init_box)
    _mutex_acquire                           0x00001e5d   Thumb Code    22  rtx_conf_cm.o(i._mutex_acquire)
    _mutex_release                           0x00001e7d   Thumb Code    18  rtx_conf_cm.o(i._mutex_release)
    control                                  0x00001e99   Thumb Code   134  thread.o(i.control)
    copy_to_lcd                              0x00001f39   Thumb Code   174  lcd.o(i.copy_to_lcd)
    dbg_init                                 0x00001fed   Thumb Code    34  hal_cm.o(i.dbg_init)
    dbg_task_notify                          0x0000201d   Thumb Code    32  hal_cm.o(i.dbg_task_notify)
    dbg_task_switch                          0x0000203d   Thumb Code    16  hal_cm.o(i.dbg_task_switch)
    init_pelota                              0x0000204d   Thumb Code    38  lcd.o(i.init_pelota)
    isrMessagePut                            0x00002079   Thumb Code    44  rt_cmsis.o(i.isrMessagePut)
    isrSignalSet                             0x000020a5   Thumb Code    36  rt_cmsis.o(i.isrSignalSet)
    isr_evt_set                              0x000020c9   Thumb Code    34  rt_event.o(i.isr_evt_set)
    isr_mbx_send                             0x000020f1   Thumb Code    14  rt_mailbox.o(i.isr_mbx_send)
    joy                                      0x00002101   Thumb Code   240  thread.o(i.joy)
    lcd_clear                                0x000021f5   Thumb Code    12  lcd.o(i.lcd_clear)
    lcd_clear_L1                             0x00002201   Thumb Code    26  lcd.o(i.lcd_clear_L1)
    lcd_clear_L2                             0x00002221   Thumb Code    30  lcd.o(i.lcd_clear_L2)
    lcd_init                                 0x00002245   Thumb Code   132  lcd.o(i.lcd_init)
    lcd_reset                                0x000022d1   Thumb Code    76  lcd.o(i.lcd_reset)
    main                                     0x0000231d   Thumb Code    34  main.o(i.main)
    mover_pelota_der                         0x00002341   Thumb Code    36  lcd.o(i.mover_pelota_der)
    mover_pelota_izq                         0x00002369   Thumb Code    34  lcd.o(i.mover_pelota_izq)
    osDelay                                  0x00002391   Thumb Code    18  rt_cmsis.o(i.osDelay)
    osKernelInitialize                       0x000023a9   Thumb Code    30  rt_cmsis.o(i.osKernelInitialize)
    osKernelStart                            0x000023cd   Thumb Code    98  rt_cmsis.o(i.osKernelStart)
    osSignalSet                              0x00002439   Thumb Code    18  rt_cmsis.o(i.osSignalSet)
    osSignalWait                             0x00002451   Thumb Code    18  rt_cmsis.o(i.osSignalWait)
    osThreadCreate                           0x00002469   Thumb Code    36  rt_cmsis.o(i.osThreadCreate)
    osThreadExit                             0x00002495   Thumb Code    14  rt_cmsis.o(i.osThreadExit)
    osThreadYield                            0x000024ad   Thumb Code    18  rt_cmsis.o(i.osThreadYield)
    os_error                                 0x000024c5   Thumb Code    34  rtx_conf_cm.o(i.os_error)
    os_idle_demon                            0x000024e7   Thumb Code     4  rtx_conf_cm.o(i.os_idle_demon)
    os_tick_init                             0x000024ed   Thumb Code    32  rt_system.o(i.os_tick_init)
    os_tick_irqack                           0x00002515   Thumb Code     2  rt_system.o(i.os_tick_irqack)
    perif_init                               0x00002519   Thumb Code   184  perifericos.o(i.perif_init)
    rt_alloc_box                             0x000025eb   Thumb Code    26  rt_membox.o(i.rt_alloc_box)
    rt_alloc_mem                             0x00002605   Thumb Code    62  rt_memory.o(i.rt_alloc_mem)
    rt_block                                 0x00002645   Thumb Code    48  rt_task.o(i.rt_block)
    rt_chk_robin                             0x0000267d   Thumb Code    60  rt_robin.o(i.rt_chk_robin)
    rt_dec_dly                               0x000026c5   Thumb Code   102  rt_list.o(i.rt_dec_dly)
    rt_dispatch                              0x00002735   Thumb Code    60  rt_task.o(i.rt_dispatch)
    rt_dly_wait                              0x00002779   Thumb Code     6  rt_time.o(i.rt_dly_wait)
    rt_evt_psh                               0x00002781   Thumb Code    76  rt_event.o(i.rt_evt_psh)
    rt_evt_set                               0x000027d1   Thumb Code    88  rt_event.o(i.rt_evt_set)
    rt_evt_wait                              0x0000282d   Thumb Code    56  rt_event.o(i.rt_evt_wait)
    rt_free_box                              0x00002869   Thumb Code    44  rt_membox.o(i.rt_free_box)
    rt_free_mem                              0x00002895   Thumb Code    40  rt_memory.o(i.rt_free_mem)
    rt_get_first                             0x000028bd   Thumb Code    40  rt_list.o(i.rt_get_first)
    rt_get_same_rdy_prio                     0x000028e5   Thumb Code    26  rt_list.o(i.rt_get_same_rdy_prio)
    rt_init_mem                              0x00002951   Thumb Code    26  rt_memory.o(i.rt_init_mem)
    rt_init_robin                            0x0000296d   Thumb Code    14  rt_robin.o(i.rt_init_robin)
    rt_init_stack                            0x00002985   Thumb Code   118  hal_cm.o(i.rt_init_stack)
    rt_mbx_check                             0x00002a05   Thumb Code     8  rt_mailbox.o(i.rt_mbx_check)
    rt_mbx_init                              0x00002a0d   Thumb Code    26  rt_mailbox.o(i.rt_mbx_init)
    rt_mbx_psh                               0x00002a29   Thumb Code   236  rt_mailbox.o(i.rt_mbx_psh)
    rt_mut_release                           0x00002b5d   Thumb Code   208  rt_mutex.o(i.rt_mut_release)
    rt_mut_wait                              0x00002c35   Thumb Code   114  rt_mutex.o(i.rt_mut_wait)
    rt_pop_req                               0x00002cad   Thumb Code   112  rt_system.o(i.rt_pop_req)
    rt_psh_req                               0x00002d29   Thumb Code    22  rt_system.o(i.rt_psh_req)
    rt_psq_enq                               0x00002d49   Thumb Code    88  rt_list.o(i.rt_psq_enq)
    rt_put_dly                               0x00002da5   Thumb Code    68  rt_list.o(i.rt_put_dly)
    rt_put_prio                              0x00002ded   Thumb Code    54  rt_list.o(i.rt_put_prio)
    rt_put_rdy_first                         0x00002e25   Thumb Code    14  rt_list.o(i.rt_put_rdy_first)
    rt_resort_prio                           0x00002e39   Thumb Code    46  rt_list.o(i.rt_resort_prio)
    rt_ret_val                               0x00002e6d   Thumb Code     6  hal_cm.o(i.rt_ret_val)
    rt_ret_val2                              0x00002e73   Thumb Code     8  hal_cm.o(i.rt_ret_val2)
    rt_rmv_dly                               0x00002e7b   Thumb Code    40  rt_list.o(i.rt_rmv_dly)
    rt_rmv_list                              0x00002ea5   Thumb Code    44  rt_list.o(i.rt_rmv_list)
    rt_sem_psh                               0x00002ed5   Thumb Code    48  rt_semaphore.o(i.rt_sem_psh)
    rt_stk_check                             0x00002f09   Thumb Code    28  rt_system.o(i.rt_stk_check)
    rt_switch_req                            0x00002f2d   Thumb Code    30  rt_task.o(i.rt_switch_req)
    rt_sys_init                              0x00002f55   Thumb Code   138  rt_task.o(i.rt_sys_init)
    rt_sys_start                             0x00003021   Thumb Code   110  rt_task.o(i.rt_sys_start)
    rt_systick                               0x00003099   Thumb Code    50  rt_system.o(i.rt_systick)
    rt_tsk_create                            0x00003121   Thumb Code   118  rt_task.o(i.rt_tsk_create)
    rt_tsk_delete                            0x000031a9   Thumb Code   352  rt_task.o(i.rt_tsk_delete)
    rt_tsk_pass                              0x00003325   Thumb Code    38  rt_task.o(i.rt_tsk_pass)
    rt_tsk_prio                              0x00003355   Thumb Code   108  rt_task.o(i.rt_tsk_prio)
    rt_tsk_self                              0x000033d1   Thumb Code    12  rt_task.o(i.rt_tsk_self)
    svcDelay                                 0x000033e1   Thumb Code    18  rt_cmsis.o(i.svcDelay)
    svcKernelInitialize                      0x000033f5   Thumb Code    80  rt_cmsis.o(i.svcKernelInitialize)
    svcKernelStart                           0x00003465   Thumb Code    62  rt_cmsis.o(i.svcKernelStart)
    svcMessageCreate                         0x000034ad   Thumb Code    36  rt_cmsis.o(i.svcMessageCreate)
    svcSignalSet                             0x000034d1   Thumb Code    36  rt_cmsis.o(i.svcSignalSet)
    svcSignalWait                            0x000034f5   Thumb Code    80  rt_cmsis.o(i.svcSignalWait)
    svcThreadCreate                          0x00003549   Thumb Code    96  rt_cmsis.o(i.svcThreadCreate)
    svcThreadGetId                           0x000035b5   Thumb Code    22  rt_cmsis.o(i.svcThreadGetId)
    svcThreadTerminate                       0x000035d1   Thumb Code    50  rt_cmsis.o(i.svcThreadTerminate)
    svcThreadYield                           0x00003609   Thumb Code    10  rt_cmsis.o(i.svcThreadYield)
    sysTimerTick                             0x00003615   Thumb Code    84  rt_cmsis.o(i.sysTimerTick)
    os_thread_def_control                    0x000036d8   Data          16  thread.o(.constdata)
    os_thread_def_joy                        0x000036e8   Data          16  thread.o(.constdata)
    Arial12x12                               0x000036f8   Data        2400  lcd.o(.constdata)
    os_maxtaskrun                            0x00004058   Data           2  rtx_conf_cm.o(.constdata)
    os_stackinfo                             0x0000405c   Data           4  rtx_conf_cm.o(.constdata)
    os_rrobin                                0x00004060   Data           4  rtx_conf_cm.o(.constdata)
    os_tickfreq                              0x00004064   Data           4  rtx_conf_cm.o(.constdata)
    os_tickus_i                              0x00004068   Data           2  rtx_conf_cm.o(.constdata)
    os_tickus_f                              0x0000406a   Data           2  rtx_conf_cm.o(.constdata)
    os_trv                                   0x0000406c   Data           4  rtx_conf_cm.o(.constdata)
    os_flags                                 0x00004070   Data           1  rtx_conf_cm.o(.constdata)
    CMSIS_RTOS_API_Version                   0x00004074   Data           4  rtx_conf_cm.o(.constdata)
    CMSIS_RTOS_RTX_Version                   0x00004078   Data           4  rtx_conf_cm.o(.constdata)
    os_clockrate                             0x0000407c   Data           4  rtx_conf_cm.o(.constdata)
    os_timernum                              0x00004080   Data           4  rtx_conf_cm.o(.constdata)
    mp_tcb_size                              0x00004084   Data           2  rtx_conf_cm.o(.constdata)
    mp_stk_size                              0x00004088   Data           4  rtx_conf_cm.o(.constdata)
    os_stack_sz                              0x0000408c   Data           4  rtx_conf_cm.o(.constdata)
    os_fifo_size                             0x00004090   Data           1  rtx_conf_cm.o(.constdata)
    os_thread_def_osTimerThread              0x00004094   Data          16  rtx_conf_cm.o(.constdata)
    os_messageQ_def_osTimerMessageQ          0x000040a4   Data           8  rtx_conf_cm.o(.constdata)
    mp_tmr_size                              0x000040ac   Data           2  rtx_conf_cm.o(.constdata)
    os_thread_def_main                       0x000040b0   Data          16  rtx_conf_cm.o(.constdata)
    Driver_SPI1                              0x00004118   Data          44  ssp_lpc17xx.o(.constdata)
    Region$$Table$$Base                      0x00004144   Number         0  anon$$obj.o(Region$$Table)
    Region$$Table$$Limit                     0x00004174   Number         0  anon$$obj.o(Region$$Table)
    mp_tcb                                   0x10000000   Data         428  rtx_conf_cm.o(.bss)
    mp_stk                                   0x100001b0   Data        8208  rtx_conf_cm.o(.bss)
    os_stack_mem                             0x100021c0   Data         424  rtx_conf_cm.o(.bss)
    os_fifo                                  0x10002368   Data         132  rtx_conf_cm.o(.bss)
    os_active_TCB                            0x100023ec   Data          32  rtx_conf_cm.o(.bss)
    os_messageQ_q_osTimerMessageQ            0x1000240c   Data          16  rtx_conf_cm.o(.bss)
    init                                     0x2007c000   Data           1  thread.o(.data)
    tid_control                              0x2007c004   Data           4  thread.o(.data)
    tid_joy                                  0x2007c008   Data           4  thread.o(.data)
    SPIdrv                                   0x2007c010   Data           4  lcd.o(.data)
    osThreadId_osTimerThread                 0x2007c018   Data           4  rtx_conf_cm.o(.data)
    osMessageQId_osTimerMessageQ             0x2007c01c   Data           4  rtx_conf_cm.o(.data)
    os_tmr                                   0x2007c020   Data           4  rtx_conf_cm.o(.data)
    m_tmr                                    0x2007c024   Data           4  rtx_conf_cm.o(.data)
    SystemCoreClock                          0x2007c03c   Data           4  system_lpc17xx.o(.data)
    os_initialized                           0x2007c040   Data           1  rt_cmsis.o(.data)
    os_running                               0x2007c041   Data           1  rt_cmsis.o(.data)
    os_timer_head                            0x2007c044   Data           4  rt_cmsis.o(.data)
    os_tsk                                   0x2007c048   Data           8  rt_task.o(.data)
    os_tick_irqn                             0x2007c054   Data           4  rt_system.o(.data)
    os_time                                  0x2007c058   Data           4  rt_time.o(.data)
    os_robin                                 0x2007c05c   Data           8  rt_robin.o(.data)
    dbg_msg                                  0x2007c064   Data           1  hal_cm.o(.data)
    str                                      0x2007c068   Data          64  thread.o(.bss)
    buffer                                   0x2007c0e8   Data         512  lcd.o(.bss)
    os_idle_TCB                              0x2007c3b4   Data          52  rt_task.o(.bss)
    os_rdy                                   0x2007c3e8   Data          24  rt_list.o(.bss)
    os_dly                                   0x2007c400   Data          24  rt_list.o(.bss)
    __libspace_start                         0x2007c418   Data          96  libspace.o(.bss)
    __temporary_stack_top$libspace           0x2007c478   Data           0  libspace.o(.bss)



==============================================================================

Memory Map of the image

  Image Entry point : 0x000000cd

  Load Region LR_IROM1 (Base: 0x00000000, Size: 0x000041dc, Max: 0x00080000, ABSOLUTE)

    Execution Region ER_IROM1 (Exec base: 0x00000000, Load base: 0x00000000, Size: 0x00004174, Max: 0x00080000, ABSOLUTE)

    Exec Addr    Load Addr    Size         Type   Attr      Idx    E Section Name        Object

    0x00000000   0x00000000   0x000000cc   Data   RO          722    RESET               startup_lpc17xx.o
    0x000000cc   0x000000cc   0x00000008   Code   RO         2022  * !!!main             c_w.l(__main.o)
    0x000000d4   0x000000d4   0x00000034   Code   RO         2194    !!!scatter          c_w.l(__scatter.o)
    0x00000108   0x00000108   0x0000001a   Code   RO         2196    !!handler_copy      c_w.l(__scatter_copy.o)
    0x00000122   0x00000122   0x00000002   PAD
    0x00000124   0x00000124   0x0000001c   Code   RO         2198    !!handler_zi        c_w.l(__scatter_zi.o)
    0x00000140   0x00000140   0x00000000   Code   RO         2013    .ARM.Collect$$_printf_percent$$00000000  c_w.l(_printf_percent.o)
    0x00000140   0x00000140   0x00000006   Code   RO         2012    .ARM.Collect$$_printf_percent$$00000009  c_w.l(_printf_d.o)
    0x00000146   0x00000146   0x00000004   Code   RO         2037    .ARM.Collect$$_printf_percent$$00000017  c_w.l(_printf_percent_end.o)
    0x0000014a   0x0000014a   0x00000002   Code   RO         2078    .ARM.Collect$$libinit$$00000000  c_w.l(libinit.o)
    0x0000014c   0x0000014c   0x00000000   Code   RO         2090    .ARM.Collect$$libinit$$00000002  c_w.l(libinit2.o)
    0x0000014c   0x0000014c   0x00000000   Code   RO         2092    .ARM.Collect$$libinit$$00000004  c_w.l(libinit2.o)
    0x0000014c   0x0000014c   0x00000000   Code   RO         2095    .ARM.Collect$$libinit$$0000000A  c_w.l(libinit2.o)
    0x0000014c   0x0000014c   0x00000000   Code   RO         2097    .ARM.Collect$$libinit$$0000000C  c_w.l(libinit2.o)
    0x0000014c   0x0000014c   0x00000000   Code   RO         2099    .ARM.Collect$$libinit$$0000000E  c_w.l(libinit2.o)
    0x0000014c   0x0000014c   0x00000000   Code   RO         2102    .ARM.Collect$$libinit$$00000011  c_w.l(libinit2.o)
    0x0000014c   0x0000014c   0x00000000   Code   RO         2104    .ARM.Collect$$libinit$$00000013  c_w.l(libinit2.o)
    0x0000014c   0x0000014c   0x00000000   Code   RO         2106    .ARM.Collect$$libinit$$00000015  c_w.l(libinit2.o)
    0x0000014c   0x0000014c   0x00000000   Code   RO         2108    .ARM.Collect$$libinit$$00000017  c_w.l(libinit2.o)
    0x0000014c   0x0000014c   0x00000000   Code   RO         2110    .ARM.Collect$$libinit$$00000019  c_w.l(libinit2.o)
    0x0000014c   0x0000014c   0x00000000   Code   RO         2112    .ARM.Collect$$libinit$$0000001B  c_w.l(libinit2.o)
    0x0000014c   0x0000014c   0x00000000   Code   RO         2114    .ARM.Collect$$libinit$$0000001D  c_w.l(libinit2.o)
    0x0000014c   0x0000014c   0x00000000   Code   RO         2116    .ARM.Collect$$libinit$$0000001F  c_w.l(libinit2.o)
    0x0000014c   0x0000014c   0x00000000   Code   RO         2118    .ARM.Collect$$libinit$$00000021  c_w.l(libinit2.o)
    0x0000014c   0x0000014c   0x00000000   Code   RO         2120    .ARM.Collect$$libinit$$00000023  c_w.l(libinit2.o)
    0x0000014c   0x0000014c   0x00000000   Code   RO         2122    .ARM.Collect$$libinit$$00000025  c_w.l(libinit2.o)
    0x0000014c   0x0000014c   0x00000000   Code   RO         2126    .ARM.Collect$$libinit$$0000002C  c_w.l(libinit2.o)
    0x0000014c   0x0000014c   0x00000000   Code   RO         2128    .ARM.Collect$$libinit$$0000002E  c_w.l(libinit2.o)
    0x0000014c   0x0000014c   0x00000000   Code   RO         2130    .ARM.Collect$$libinit$$00000030  c_w.l(libinit2.o)
    0x0000014c   0x0000014c   0x00000000   Code   RO         2132    .ARM.Collect$$libinit$$00000032  c_w.l(libinit2.o)
    0x0000014c   0x0000014c   0x00000002   Code   RO         2133    .ARM.Collect$$libinit$$00000033  c_w.l(libinit2.o)
    0x0000014e   0x0000014e   0x00000002   Code   RO         2079    .ARM.Collect$$libshutdown$$00000000  c_w.l(libshutdown.o)
    0x00000150   0x00000150   0x00000000   Code   RO         2135    .ARM.Collect$$libshutdown$$00000002  c_w.l(libshutdown2.o)
    0x00000150   0x00000150   0x00000000   Code   RO         2137    .ARM.Collect$$libshutdown$$00000004  c_w.l(libshutdown2.o)
    0x00000150   0x00000150   0x00000000   Code   RO         2139    .ARM.Collect$$libshutdown$$00000006  c_w.l(libshutdown2.o)
    0x00000150   0x00000150   0x00000000   Code   RO         2142    .ARM.Collect$$libshutdown$$00000009  c_w.l(libshutdown2.o)
    0x00000150   0x00000150   0x00000000   Code   RO         2145    .ARM.Collect$$libshutdown$$0000000C  c_w.l(libshutdown2.o)
    0x00000150   0x00000150   0x00000000   Code   RO         2147    .ARM.Collect$$libshutdown$$0000000E  c_w.l(libshutdown2.o)
    0x00000150   0x00000150   0x00000000   Code   RO         2150    .ARM.Collect$$libshutdown$$00000011  c_w.l(libshutdown2.o)
    0x00000150   0x00000150   0x00000002   Code   RO         2151    .ARM.Collect$$libshutdown$$00000012  c_w.l(libshutdown2.o)
    0x00000152   0x00000152   0x00000000   Code   RO         2024    .ARM.Collect$$rtentry$$00000000  c_w.l(__rtentry.o)
    0x00000152   0x00000152   0x00000000   Code   RO         2039    .ARM.Collect$$rtentry$$00000002  c_w.l(__rtentry2.o)
    0x00000152   0x00000152   0x00000006   Code   RO         2051    .ARM.Collect$$rtentry$$00000004  c_w.l(__rtentry4.o)
    0x00000158   0x00000158   0x00000000   Code   RO         2041    .ARM.Collect$$rtentry$$00000009  c_w.l(__rtentry2.o)
    0x00000158   0x00000158   0x00000004   Code   RO         2042    .ARM.Collect$$rtentry$$0000000A  c_w.l(__rtentry2.o)
    0x0000015c   0x0000015c   0x00000008   Code   RO         2043    .ARM.Collect$$rtentry$$0000000B  c_w.l(__rtentry2.o)
    0x00000164   0x00000164   0x00000008   Code   RO         2045    .ARM.Collect$$rtentry$$0000000D  c_w.l(__rtentry2.o)
    0x0000016c   0x0000016c   0x00000002   Code   RO         2025    .ARM.Collect$$rtexit$$00000000  c_w.l(rtexit.o)
    0x0000016e   0x0000016e   0x00000000   Code   RO         2054    .ARM.Collect$$rtexit$$00000002  c_w.l(rtexit2.o)
    0x0000016e   0x0000016e   0x00000004   Code   RO         2055    .ARM.Collect$$rtexit$$00000003  c_w.l(rtexit2.o)
    0x00000172   0x00000172   0x00000006   Code   RO         2056    .ARM.Collect$$rtexit$$00000004  c_w.l(rtexit2.o)
    0x00000178   0x00000178   0x0000001c   Code   RO          292    .emb_text           rtx_conf_cm.o
    0x00000194   0x00000194   0x00000130   Code   RO         1964    .emb_text           RTX_CM3.lib(hal_cm3.o)
    0x000002c4   0x000002c4   0x00000008   Code   RO         1979    .text               c_w.l(libspace.o)
    0x000002cc   0x000002cc   0x00000028   Code   RO         1986    .text               c_w.l(noretval__2sprintf.o)
    0x000002f4   0x000002f4   0x00000006   Code   RO         2020    .text               c_w.l(heapauxi.o)
    0x000002fa   0x000002fa   0x00000002   Code   RO         2080    .text               c_w.l(use_no_semi.o)
    0x000002fc   0x000002fc   0x00000004   Code   RO          723    .ARM.__at_0x02FC    startup_lpc17xx.o
    0x00000300   0x00000300   0x0000003c   Code   RO          724    .text               startup_lpc17xx.o
    0x0000033c   0x0000033c   0x00000068   Code   RO         1988    .text               c_w.l(__printf.o)
    0x000003a4   0x000003a4   0x00000078   Code   RO         1990    .text               c_w.l(_printf_dec.o)
    0x0000041c   0x0000041c   0x00000012   Code   RO         2014    .text               c_w.l(exit.o)
    0x0000042e   0x0000042e   0x0000003e   Code   RO         2016    .text               c_w.l(strlen.o)
    0x0000046c   0x0000046c   0x0000004e   Code   RO         2018    .text               c_w.l(rt_memclr_w.o)
    0x000004ba   0x000004ba   0x000000b2   Code   RO         2031    .text               c_w.l(_printf_intcommon.o)
    0x0000056c   0x0000056c   0x00000030   Code   RO         2033    .text               c_w.l(_printf_char_common.o)
    0x0000059c   0x0000059c   0x0000000a   Code   RO         2035    .text               c_w.l(_sputc.o)
    0x000005a6   0x000005a6   0x00000002   PAD
    0x000005a8   0x000005a8   0x0000000c   Code   RO         2064    .text               c_w.l(sys_exit.o)
    0x000005b4   0x000005b4   0x0000004a   Code   RO         2066    .text               c_w.l(sys_stackheap_outer.o)
    0x000005fe   0x000005fe   0x00000000   Code   RO         2082    .text               c_w.l(indicate_semi.o)
    0x000005fe   0x000005fe   0x00000002   PAD
    0x00000600   0x00000600   0x00000004   Code   RO         1974    SVC_TABLE           RTX_CM3.lib(svc_table.o)
    0x00000604   0x00000604   0x00000020   Code   RO          543    i.Clear_Channel_active_flag  gpdma_lpc17xx.o
    0x00000624   0x00000624   0x00000180   Code   RO          544    i.DMA_IRQHandler    gpdma_lpc17xx.o
    0x000007a4   0x000007a4   0x000000c0   Code   RO           88    i.EINT3_IRQHandler  thread.o
    0x00000864   0x00000864   0x00000030   Code   RO          143    i.EscribeFrase_L2   lcd.o
    0x00000894   0x00000894   0x00000074   Code   RO          145    i.EscribeLetra_L2   lcd.o
    0x00000908   0x00000908   0x000000f4   Code   RO          545    i.GPDMA_ChannelConfigure  gpdma_lpc17xx.o
    0x000009fc   0x000009fc   0x00000030   Code   RO          546    i.GPDMA_ChannelDisable  gpdma_lpc17xx.o
    0x00000a2c   0x00000a2c   0x00000030   Code   RO          548    i.GPDMA_ChannelGetCount  gpdma_lpc17xx.o
    0x00000a5c   0x00000a5c   0x000000b0   Code   RO          550    i.GPDMA_Initialize  gpdma_lpc17xx.o
    0x00000b0c   0x00000b0c   0x00000044   Code   RO          551    i.GPDMA_PeripheralSelect  gpdma_lpc17xx.o
    0x00000b50   0x00000b50   0x00000068   Code   RO          552    i.GPDMA_Uninitialize  gpdma_lpc17xx.o
    0x00000bb8   0x00000bb8   0x00000020   Code   RO          633    i.GPIO_PinRead      gpio_lpc17xx.o
    0x00000bd8   0x00000bd8   0x00000028   Code   RO          634    i.GPIO_PinWrite     gpio_lpc17xx.o
    0x00000c00   0x00000c00   0x00000038   Code   RO          638    i.GPIO_SetDir       gpio_lpc17xx.o
    0x00000c38   0x00000c38   0x00000044   Code   RO          353    i.GetSSPClockFreq   ssp_lpc17xx.o
    0x00000c7c   0x00000c7c   0x00000040   Code   RO           89    i.Init_Thread       thread.o
    0x00000cbc   0x00000cbc   0x000000fc   Code   RO          687    i.PIN_Configure     pin_lpc17xx.o
    0x00000db8   0x00000db8   0x00000018   Code   RO          354    i.SSP1_Control      ssp_lpc17xx.o
    0x00000dd0   0x00000dd0   0x00000014   Code   RO          355    i.SSP1_GPDMA_Rx_SignalEvent  ssp_lpc17xx.o
    0x00000de4   0x00000de4   0x00000014   Code   RO          356    i.SSP1_GPDMA_Tx_SignalEvent  ssp_lpc17xx.o
    0x00000df8   0x00000df8   0x00000010   Code   RO          357    i.SSP1_GetDataCount  ssp_lpc17xx.o
    0x00000e08   0x00000e08   0x00000010   Code   RO          358    i.SSP1_GetStatus    ssp_lpc17xx.o
    0x00000e18   0x00000e18   0x00000010   Code   RO          359    i.SSP1_IRQHandler   ssp_lpc17xx.o
    0x00000e28   0x00000e28   0x00000014   Code   RO          360    i.SSP1_Initialize   ssp_lpc17xx.o
    0x00000e3c   0x00000e3c   0x00000014   Code   RO          361    i.SSP1_PowerControl  ssp_lpc17xx.o
    0x00000e50   0x00000e50   0x00000018   Code   RO          362    i.SSP1_Receive      ssp_lpc17xx.o
    0x00000e68   0x00000e68   0x00000018   Code   RO          363    i.SSP1_Send         ssp_lpc17xx.o
    0x00000e80   0x00000e80   0x0000001c   Code   RO          364    i.SSP1_Transfer     ssp_lpc17xx.o
    0x00000e9c   0x00000e9c   0x00000010   Code   RO          365    i.SSP1_Uninitialize  ssp_lpc17xx.o
    0x00000eac   0x00000eac   0x0000000c   Code   RO          366    i.SSP_GetCapabilities  ssp_lpc17xx.o
    0x00000eb8   0x00000eb8   0x00000010   Code   RO          367    i.SSP_GetVersion    ssp_lpc17xx.o
    0x00000ec8   0x00000ec8   0x0000051e   Code   RO          368    i.SSPx_Control      ssp_lpc17xx.o
    0x000013e6   0x000013e6   0x00000036   Code   RO          369    i.SSPx_GPDMA_Rx_SignalEvent  ssp_lpc17xx.o
    0x0000141c   0x0000141c   0x0000001c   Code   RO          370    i.SSPx_GPDMA_Tx_SignalEvent  ssp_lpc17xx.o
    0x00001438   0x00001438   0x0000002c   Code   RO          371    i.SSPx_GetDataCount  ssp_lpc17xx.o
    0x00001464   0x00001464   0x0000002c   Code   RO          372    i.SSPx_GetStatus    ssp_lpc17xx.o
    0x00001490   0x00001490   0x00000104   Code   RO          373    i.SSPx_IRQHandler   ssp_lpc17xx.o
    0x00001594   0x00001594   0x000000a8   Code   RO          374    i.SSPx_Initialize   ssp_lpc17xx.o
    0x0000163c   0x0000163c   0x000001b4   Code   RO          375    i.SSPx_PowerControl  ssp_lpc17xx.o
    0x000017f0   0x000017f0   0x0000015c   Code   RO          376    i.SSPx_Receive      ssp_lpc17xx.o
    0x0000194c   0x0000194c   0x00000154   Code   RO          377    i.SSPx_Send         ssp_lpc17xx.o
    0x00001aa0   0x00001aa0   0x00000152   Code   RO          378    i.SSPx_Transfer     ssp_lpc17xx.o
    0x00001bf2   0x00001bf2   0x00000070   Code   RO          379    i.SSPx_Uninitialize  ssp_lpc17xx.o
    0x00001c62   0x00001c62   0x00000002   PAD
    0x00001c64   0x00001c64   0x00000038   Code   RO          553    i.Set_Channel_active_flag  gpdma_lpc17xx.o
    0x00001c9c   0x00001c9c   0x00000140   Code   RO          734    i.SystemInit        system_lpc17xx.o
    0x00001ddc   0x00001ddc   0x0000001c   Code   RO          380    i.__NVIC_ClearPendingIRQ  ssp_lpc17xx.o
    0x00001df8   0x00001df8   0x0000001c   Code   RO          554    i.__NVIC_ClearPendingIRQ  gpdma_lpc17xx.o
    0x00001e14   0x00001e14   0x00000046   Code   RO         1863    i._init_box         RTX_CM3.lib(rt_membox.o)
    0x00001e5a   0x00001e5a   0x00000002   PAD
    0x00001e5c   0x00001e5c   0x00000020   Code   RO          294    i._mutex_acquire    rtx_conf_cm.o
    0x00001e7c   0x00001e7c   0x0000001c   Code   RO          296    i._mutex_release    rtx_conf_cm.o
    0x00001e98   0x00001e98   0x000000a0   Code   RO           90    i.control           thread.o
    0x00001f38   0x00001f38   0x000000b4   Code   RO          146    i.copy_to_lcd       lcd.o
    0x00001fec   0x00001fec   0x00000030   Code   RO         1916    i.dbg_init          RTX_CM3.lib(hal_cm.o)
    0x0000201c   0x0000201c   0x00000020   Code   RO         1917    i.dbg_task_notify   RTX_CM3.lib(hal_cm.o)
    0x0000203c   0x0000203c   0x00000010   Code   RO         1918    i.dbg_task_switch   RTX_CM3.lib(hal_cm.o)
    0x0000204c   0x0000204c   0x0000002c   Code   RO          147    i.init_pelota       lcd.o
    0x00002078   0x00002078   0x0000002c   Code   RO          770    i.isrMessagePut     RTX_CM3.lib(rt_cmsis.o)
    0x000020a4   0x000020a4   0x00000024   Code   RO          772    i.isrSignalSet      RTX_CM3.lib(rt_cmsis.o)
    0x000020c8   0x000020c8   0x00000028   Code   RO         1600    i.isr_evt_set       RTX_CM3.lib(rt_event.o)
    0x000020f0   0x000020f0   0x0000000e   Code   RO         1719    i.isr_mbx_send      RTX_CM3.lib(rt_mailbox.o)
    0x000020fe   0x000020fe   0x00000002   PAD
    0x00002100   0x00002100   0x000000f4   Code   RO           91    i.joy               thread.o
    0x000021f4   0x000021f4   0x0000000c   Code   RO          148    i.lcd_clear         lcd.o
    0x00002200   0x00002200   0x00000020   Code   RO          149    i.lcd_clear_L1      lcd.o
    0x00002220   0x00002220   0x00000024   Code   RO          150    i.lcd_clear_L2      lcd.o
    0x00002244   0x00002244   0x0000008c   Code   RO          151    i.lcd_init          lcd.o
    0x000022d0   0x000022d0   0x0000004c   Code   RO          152    i.lcd_reset         lcd.o
    0x0000231c   0x0000231c   0x00000022   Code   RO            4    i.main              main.o
    0x0000233e   0x0000233e   0x00000002   PAD
    0x00002340   0x00002340   0x00000028   Code   RO          153    i.mover_pelota_der  lcd.o
    0x00002368   0x00002368   0x00000028   Code   RO          154    i.mover_pelota_izq  lcd.o
    0x00002390   0x00002390   0x00000018   Code   RO          773    i.osDelay           RTX_CM3.lib(rt_cmsis.o)
    0x000023a8   0x000023a8   0x00000024   Code   RO          774    i.osKernelInitialize  RTX_CM3.lib(rt_cmsis.o)
    0x000023cc   0x000023cc   0x0000006c   Code   RO          776    i.osKernelStart     RTX_CM3.lib(rt_cmsis.o)
    0x00002438   0x00002438   0x00000018   Code   RO          800    i.osSignalSet       RTX_CM3.lib(rt_cmsis.o)
    0x00002450   0x00002450   0x00000018   Code   RO          801    i.osSignalWait      RTX_CM3.lib(rt_cmsis.o)
    0x00002468   0x00002468   0x0000002c   Code   RO          802    i.osThreadCreate    RTX_CM3.lib(rt_cmsis.o)
    0x00002494   0x00002494   0x00000018   Code   RO          803    i.osThreadExit      RTX_CM3.lib(rt_cmsis.o)
    0x000024ac   0x000024ac   0x00000018   Code   RO          808    i.osThreadYield     RTX_CM3.lib(rt_cmsis.o)
    0x000024c4   0x000024c4   0x00000022   Code   RO          297    i.os_error          rtx_conf_cm.o
    0x000024e6   0x000024e6   0x00000004   Code   RO          298    i.os_idle_demon     rtx_conf_cm.o
    0x000024ea   0x000024ea   0x00000002   PAD
    0x000024ec   0x000024ec   0x00000028   Code   RO         1510    i.os_tick_init      RTX_CM3.lib(rt_system.o)
    0x00002514   0x00002514   0x00000002   Code   RO         1511    i.os_tick_irqack    RTX_CM3.lib(rt_system.o)
    0x00002516   0x00002516   0x00000002   PAD
    0x00002518   0x00002518   0x000000c0   Code   RO          267    i.perif_init        perifericos.o
    0x000025d8   0x000025d8   0x00000012   Code   RO          155    i.retardo           lcd.o
    0x000025ea   0x000025ea   0x0000001a   Code   RO         1864    i.rt_alloc_box      RTX_CM3.lib(rt_membox.o)
    0x00002604   0x00002604   0x0000003e   Code   RO         1892    i.rt_alloc_mem      RTX_CM3.lib(rt_memory.o)
    0x00002642   0x00002642   0x00000002   PAD
    0x00002644   0x00002644   0x00000038   Code   RO         1391    i.rt_block          RTX_CM3.lib(rt_task.o)
    0x0000267c   0x0000267c   0x00000048   Code   RO         1841    i.rt_chk_robin      RTX_CM3.lib(rt_robin.o)
    0x000026c4   0x000026c4   0x00000070   Code   RO         1642    i.rt_dec_dly        RTX_CM3.lib(rt_list.o)
    0x00002734   0x00002734   0x00000044   Code   RO         1392    i.rt_dispatch       RTX_CM3.lib(rt_task.o)
    0x00002778   0x00002778   0x00000006   Code   RO         1808    i.rt_dly_wait       RTX_CM3.lib(rt_time.o)
    0x0000277e   0x0000277e   0x00000002   PAD
    0x00002780   0x00002780   0x00000050   Code   RO         1603    i.rt_evt_psh        RTX_CM3.lib(rt_event.o)
    0x000027d0   0x000027d0   0x0000005c   Code   RO         1604    i.rt_evt_set        RTX_CM3.lib(rt_event.o)
    0x0000282c   0x0000282c   0x0000003c   Code   RO         1605    i.rt_evt_wait       RTX_CM3.lib(rt_event.o)
    0x00002868   0x00002868   0x0000002c   Code   RO         1865    i.rt_free_box       RTX_CM3.lib(rt_membox.o)
    0x00002894   0x00002894   0x00000028   Code   RO         1893    i.rt_free_mem       RTX_CM3.lib(rt_memory.o)
    0x000028bc   0x000028bc   0x00000028   Code   RO         1643    i.rt_get_first      RTX_CM3.lib(rt_list.o)
    0x000028e4   0x000028e4   0x00000024   Code   RO         1644    i.rt_get_same_rdy_prio  RTX_CM3.lib(rt_list.o)
    0x00002908   0x00002908   0x00000048   Code   RO         1393    i.rt_init_context   RTX_CM3.lib(rt_task.o)
    0x00002950   0x00002950   0x0000001a   Code   RO         1894    i.rt_init_mem       RTX_CM3.lib(rt_memory.o)
    0x0000296a   0x0000296a   0x00000002   PAD
    0x0000296c   0x0000296c   0x00000018   Code   RO         1842    i.rt_init_robin     RTX_CM3.lib(rt_robin.o)
    0x00002984   0x00002984   0x00000080   Code   RO         1919    i.rt_init_stack     RTX_CM3.lib(hal_cm.o)
    0x00002a04   0x00002a04   0x00000008   Code   RO         1720    i.rt_mbx_check      RTX_CM3.lib(rt_mailbox.o)
    0x00002a0c   0x00002a0c   0x0000001a   Code   RO         1721    i.rt_mbx_init       RTX_CM3.lib(rt_mailbox.o)
    0x00002a26   0x00002a26   0x00000002   PAD
    0x00002a28   0x00002a28   0x000000f0   Code   RO         1722    i.rt_mbx_psh        RTX_CM3.lib(rt_mailbox.o)
    0x00002b18   0x00002b18   0x00000044   Code   RO          820    i.rt_ms2tick        RTX_CM3.lib(rt_cmsis.o)
    0x00002b5c   0x00002b5c   0x000000d8   Code   RO         1477    i.rt_mut_release    RTX_CM3.lib(rt_mutex.o)
    0x00002c34   0x00002c34   0x00000078   Code   RO         1478    i.rt_mut_wait       RTX_CM3.lib(rt_mutex.o)
    0x00002cac   0x00002cac   0x0000007c   Code   RO         1514    i.rt_pop_req        RTX_CM3.lib(rt_system.o)
    0x00002d28   0x00002d28   0x00000020   Code   RO         1515    i.rt_psh_req        RTX_CM3.lib(rt_system.o)
    0x00002d48   0x00002d48   0x0000005c   Code   RO         1645    i.rt_psq_enq        RTX_CM3.lib(rt_list.o)
    0x00002da4   0x00002da4   0x00000048   Code   RO         1646    i.rt_put_dly        RTX_CM3.lib(rt_list.o)
    0x00002dec   0x00002dec   0x00000036   Code   RO         1647    i.rt_put_prio       RTX_CM3.lib(rt_list.o)
    0x00002e22   0x00002e22   0x00000002   PAD
    0x00002e24   0x00002e24   0x00000014   Code   RO         1648    i.rt_put_rdy_first  RTX_CM3.lib(rt_list.o)
    0x00002e38   0x00002e38   0x00000034   Code   RO         1649    i.rt_resort_prio    RTX_CM3.lib(rt_list.o)
    0x00002e6c   0x00002e6c   0x00000006   Code   RO         1920    i.rt_ret_val        RTX_CM3.lib(hal_cm.o)
    0x00002e72   0x00002e72   0x00000008   Code   RO         1921    i.rt_ret_val2       RTX_CM3.lib(hal_cm.o)
    0x00002e7a   0x00002e7a   0x00000028   Code   RO         1650    i.rt_rmv_dly        RTX_CM3.lib(rt_list.o)
    0x00002ea2   0x00002ea2   0x00000002   PAD
    0x00002ea4   0x00002ea4   0x00000030   Code   RO         1651    i.rt_rmv_list       RTX_CM3.lib(rt_list.o)
    0x00002ed4   0x00002ed4   0x00000034   Code   RO         1769    i.rt_sem_psh        RTX_CM3.lib(rt_semaphore.o)
    0x00002f08   0x00002f08   0x00000024   Code   RO         1517    i.rt_stk_check      RTX_CM3.lib(rt_system.o)
    0x00002f2c   0x00002f2c   0x00000028   Code   RO         1394    i.rt_switch_req     RTX_CM3.lib(rt_task.o)
    0x00002f54   0x00002f54   0x000000cc   Code   RO         1395    i.rt_sys_init       RTX_CM3.lib(rt_task.o)
    0x00003020   0x00003020   0x00000078   Code   RO         1396    i.rt_sys_start      RTX_CM3.lib(rt_task.o)
    0x00003098   0x00003098   0x00000040   Code   RO         1519    i.rt_systick        RTX_CM3.lib(rt_system.o)
    0x000030d8   0x000030d8   0x00000012   Code   RO          821    i.rt_tid2ptcb       RTX_CM3.lib(rt_cmsis.o)
    0x000030ea   0x000030ea   0x00000002   PAD
    0x000030ec   0x000030ec   0x00000034   Code   RO          822    i.rt_timer_insert   RTX_CM3.lib(rt_cmsis.o)
    0x00003120   0x00003120   0x00000088   Code   RO         1397    i.rt_tsk_create     RTX_CM3.lib(rt_task.o)
    0x000031a8   0x000031a8   0x0000017c   Code   RO         1398    i.rt_tsk_delete     RTX_CM3.lib(rt_task.o)
    0x00003324   0x00003324   0x00000030   Code   RO         1399    i.rt_tsk_pass       RTX_CM3.lib(rt_task.o)
    0x00003354   0x00003354   0x0000007c   Code   RO         1400    i.rt_tsk_prio       RTX_CM3.lib(rt_task.o)
    0x000033d0   0x000033d0   0x00000010   Code   RO         1401    i.rt_tsk_self       RTX_CM3.lib(rt_task.o)
    0x000033e0   0x000033e0   0x00000012   Code   RO          824    i.svcDelay          RTX_CM3.lib(rt_cmsis.o)
    0x000033f2   0x000033f2   0x00000002   PAD
    0x000033f4   0x000033f4   0x00000070   Code   RO          825    i.svcKernelInitialize  RTX_CM3.lib(rt_cmsis.o)
    0x00003464   0x00003464   0x00000048   Code   RO          827    i.svcKernelStart    RTX_CM3.lib(rt_cmsis.o)
    0x000034ac   0x000034ac   0x00000024   Code   RO          830    i.svcMessageCreate  RTX_CM3.lib(rt_cmsis.o)
    0x000034d0   0x000034d0   0x00000024   Code   RO          843    i.svcSignalSet      RTX_CM3.lib(rt_cmsis.o)
    0x000034f4   0x000034f4   0x00000054   Code   RO          844    i.svcSignalWait     RTX_CM3.lib(rt_cmsis.o)
    0x00003548   0x00003548   0x0000006c   Code   RO          845    i.svcThreadCreate   RTX_CM3.lib(rt_cmsis.o)
    0x000035b4   0x000035b4   0x0000001c   Code   RO          846    i.svcThreadGetId    RTX_CM3.lib(rt_cmsis.o)
    0x000035d0   0x000035d0   0x00000038   Code   RO          849    i.svcThreadTerminate  RTX_CM3.lib(rt_cmsis.o)
    0x00003608   0x00003608   0x0000000a   Code   RO          850    i.svcThreadYield    RTX_CM3.lib(rt_cmsis.o)
    0x00003612   0x00003612   0x00000002   PAD
    0x00003614   0x00003614   0x0000005c   Code   RO          860    i.sysTimerTick      RTX_CM3.lib(rt_cmsis.o)
    0x00003670   0x00003670   0x00000034   Code   RO          156    i.wr_cmd            lcd.o
    0x000036a4   0x000036a4   0x00000034   Code   RO          157    i.wr_data           lcd.o
    0x000036d8   0x000036d8   0x00000020   Data   RO           93    .constdata          thread.o
    0x000036f8   0x000036f8   0x00000960   Data   RO          159    .constdata          lcd.o
    0x00004058   0x00004058   0x00000068   Data   RO          300    .constdata          rtx_conf_cm.o
    0x000040c0   0x000040c0   0x00000084   Data   RO          382    .constdata          ssp_lpc17xx.o
    0x00004144   0x00004144   0x00000030   Data   RO         2192    Region$$Table       anon$$obj.o


    Execution Region RW_IRAM1 (Exec base: 0x10000000, Load base: 0x00004174, Size: 0x0000279c, Max: 0x00008000, ABSOLUTE)

    Exec Addr    Load Addr    Size         Type   Attr      Idx    E Section Name        Object

    0x10000000        -       0x0000279c   Zero   RW          299    .bss                rtx_conf_cm.o


    Execution Region RW_IRAM2 (Exec base: 0x2007c000, Load base: 0x00004174, Size: 0x00000678, Max: 0x00008000, ABSOLUTE)

    Exec Addr    Load Addr    Size         Type   Attr      Idx    E Section Name        Object

    0x2007c000   0x00004174   0x00000010   Data   RW           94    .data               thread.o
    0x2007c010   0x00004184   0x00000008   Data   RW          160    .data               lcd.o
    0x2007c018   0x0000418c   0x00000014   Data   RW          301    .data               rtx_conf_cm.o
    0x2007c02c   0x000041a0   0x00000008   Data   RW          383    .data               ssp_lpc17xx.o
    0x2007c034   0x000041a8   0x00000008   Data   RW          556    .data               gpdma_lpc17xx.o
    0x2007c03c   0x000041b0   0x00000004   Data   RW          735    .data               system_lpc17xx.o
    0x2007c040   0x000041b4   0x00000008   Data   RW          863    .data               RTX_CM3.lib(rt_cmsis.o)
    0x2007c048   0x000041bc   0x00000008   Data   RW         1403    .data               RTX_CM3.lib(rt_task.o)
    0x2007c050   0x000041c4   0x00000008   Data   RW         1522    .data               RTX_CM3.lib(rt_system.o)
    0x2007c058   0x000041cc   0x00000004   Data   RW         1812    .data               RTX_CM3.lib(rt_time.o)
    0x2007c05c   0x000041d0   0x00000008   Data   RW         1843    .data               RTX_CM3.lib(rt_robin.o)
    0x2007c064   0x000041d8   0x00000001   Data   RW         1922    .data               RTX_CM3.lib(hal_cm.o)
    0x2007c065   0x000041d9   0x00000003   PAD
    0x2007c068        -       0x00000080   Zero   RW           92    .bss                thread.o
    0x2007c0e8        -       0x00000200   Zero   RW          158    .bss                lcd.o
    0x2007c2e8        -       0x0000002c   Zero   RW          381    .bss                ssp_lpc17xx.o
    0x2007c314        -       0x000000a0   Zero   RW          555    .bss                gpdma_lpc17xx.o
    0x2007c3b4        -       0x00000034   Zero   RW         1402    .bss                RTX_CM3.lib(rt_task.o)
    0x2007c3e8        -       0x00000030   Zero   RW         1652    .bss                RTX_CM3.lib(rt_list.o)
    0x2007c418        -       0x00000060   Zero   RW         1980    .bss                c_w.l(libspace.o)
    0x2007c478        -       0x00000000   Zero   RW          721    HEAP                startup_lpc17xx.o
    0x2007c478        -       0x00000200   Zero   RW          720    STACK               startup_lpc17xx.o


==============================================================================

Image component sizes


      Code (inc. data)   RO Data    RW Data    ZI Data      Debug   Object Name

      1188         94          0          8        160       8846   gpdma_lpc17xx.o
       128         12          0          0          0       1941   gpio_lpc17xx.o
       886         66       2400          8        512       8246   lcd.o
        34          0          0          0          0      31413   main.o
       192          8          0          0          0      27104   perifericos.o
       252          6          0          0          0        852   pin_lpc17xx.o
       126         26        104         20      10140       9171   rtx_conf_cm.o
      3850        104        132          8         44      54943   ssp_lpc17xx.o
        64         26        204          0        512        988   startup_lpc17xx.o
       320         18          0          4          0        795   system_lpc17xx.o
       660         58         32         16        128       3056   thread.o

    ----------------------------------------------------------------------
      7706        418       2920         64      11496     147355   Object Totals
         0          0         48          0          0          0   (incl. Generated)
         6          0          0          0          0          0   (incl. Padding)

    ----------------------------------------------------------------------

      Code (inc. data)   RO Data    RW Data    ZI Data      Debug   Library Member Name

       238         24          0          1          0       3244   hal_cm.o
       304         36          0          0          0        756   hal_cm3.o
      1178        150          0          8          0      33852   rt_cmsis.o
       272         18          0          0          0       2606   rt_event.o
       566         44          0          0         48       8688   rt_list.o
       288          4          0          0          0       2385   rt_mailbox.o
       140          0          0          0          0       1889   rt_membox.o
       128          0          0          0          0       2267   rt_memory.o
       336         14          0          0          0       1623   rt_mutex.o
        96         22          0          8          0       1134   rt_robin.o
        52          4          0          0          0        565   rt_semaphore.o
       298         52          0          8          0       6139   rt_system.o
      1264        184          0          8         52      10023   rt_task.o
         6          0          0          4          0        636   rt_time.o
         4          4          0          0          0        196   svc_table.o
         8          0          0          0          0         68   __main.o
       104          0          0          0          0         84   __printf.o
         0          0          0          0          0          0   __rtentry.o
        20          0          0          0          0          0   __rtentry2.o
         6          0          0          0          0          0   __rtentry4.o
        52          8          0          0          0          0   __scatter.o
        26          0          0          0          0          0   __scatter_copy.o
        28          0          0          0          0          0   __scatter_zi.o
        48          6          0          0          0         96   _printf_char_common.o
         6          0          0          0          0          0   _printf_d.o
       120         16          0          0          0         92   _printf_dec.o
       178          0          0          0          0         88   _printf_intcommon.o
         0          0          0          0          0          0   _printf_percent.o
         4          0          0          0          0          0   _printf_percent_end.o
        10          0          0          0          0         68   _sputc.o
        18          0          0          0          0         80   exit.o
         6          0          0          0          0        152   heapauxi.o
         0          0          0          0          0          0   indicate_semi.o
         2          0          0          0          0          0   libinit.o
         2          0          0          0          0          0   libinit2.o
         2          0          0          0          0          0   libshutdown.o
         2          0          0          0          0          0   libshutdown2.o
         8          4          0          0         96         68   libspace.o
        40          6          0          0          0         84   noretval__2sprintf.o
        78          0          0          0          0         80   rt_memclr_w.o
         2          0          0          0          0          0   rtexit.o
        10          0          0          0          0          0   rtexit2.o
        62          0          0          0          0         76   strlen.o
        12          4          0          0          0         68   sys_exit.o
        74          0          0          0          0         80   sys_stackheap_outer.o
         2          0          0          0          0         68   use_no_semi.o

    ----------------------------------------------------------------------
      6130        600          0         40        196      77255   Library Totals
        30          0          0          3          0          0   (incl. Padding)

    ----------------------------------------------------------------------

      Code (inc. data)   RO Data    RW Data    ZI Data      Debug   Library Name

      5170        556          0         37        100      76003   RTX_CM3.lib
       930         44          0          0         96       1252   c_w.l

    ----------------------------------------------------------------------
      6130        600          0         40        196      77255   Library Totals

    ----------------------------------------------------------------------

==============================================================================


      Code (inc. data)   RO Data    RW Data    ZI Data      Debug   

     13836       1018       2920        104      11692     216858   Grand Totals
     13836       1018       2920        104      11692     216858   ELF Image Totals
     13836       1018       2920        104          0          0   ROM Totals

==============================================================================

    Total RO  Size (Code + RO Data)                16756 (  16.36kB)
    Total RW  Size (RW Data + ZI Data)             11796 (  11.52kB)
    Total ROM Size (Code + RO Data + RW Data)      16860 (  16.46kB)

==============================================================================

